Archive member included to satisfy reference by file (symbol)

.\CortexM3\ARM_GCC_541\Debug\EVE.a(nPD_EVE.o)
                              .\CortexM3\ARM_GCC_541\Debug\EVE_HAL.o (nPD_EVE_Write)
.\CortexM3\ARM_GCC_541\Debug\EVE.a(SS_EVE.o)
                              .\CortexM3\ARM_GCC_541\Debug\EVE_HAL.o (SS_EVE_Write)
.\CortexM3\ARM_GCC_541\Debug\EVE.a(CyLib.o)
                              .\CortexM3\ARM_GCC_541\Debug\Cm3Start.o (CyHalt)
.\CortexM3\ARM_GCC_541\Debug\EVE.a(cyPm.o)
                              .\CortexM3\ARM_GCC_541\Debug\EVE.a(CyLib.o) (CyPmReadStatus)
.\CortexM3\ARM_GCC_541\Debug\EVE.a(SPI_EVE.o)
                              .\CortexM3\ARM_GCC_541\Debug\EVE_HAL.o (SPI_EVE_WriteTxData)
.\CortexM3\ARM_GCC_541\Debug\EVE.a(CyBootAsmGnu.o)
                              .\CortexM3\ARM_GCC_541\Debug\cyfitter_cfg.o (CyDelayCycles)
.\CortexM3\ARM_GCC_541\Debug\EVE.a(CyFlash.o)
                              .\CortexM3\ARM_GCC_541\Debug\EVE.a(cyPm.o) (CyFlash_SetWaitCycles)
.\CortexM3\ARM_GCC_541\Debug\EVE.a(CySpc.o)
                              .\CortexM3\ARM_GCC_541\Debug\EVE.a(CyFlash.o) (CySpcStart)
c:/program files (x86)/cypress/psoc creator/4.2/psoc creator/import/gnu/arm/5.4.1/bin/../lib/gcc/arm-none-eabi/5.4.1/../../../../arm-none-eabi/lib/armv7-m\libg_nano.a(lib_a-errno.o)
                              .\CortexM3\ARM_GCC_541\Debug\Cm3Start.o (__errno)
c:/program files (x86)/cypress/psoc creator/4.2/psoc creator/import/gnu/arm/5.4.1/bin/../lib/gcc/arm-none-eabi/5.4.1/../../../../arm-none-eabi/lib/armv7-m\libg_nano.a(lib_a-exit.o)
                              c:/program files (x86)/cypress/psoc creator/4.2/psoc creator/import/gnu/arm/5.4.1/bin/../lib/gcc/arm-none-eabi/5.4.1/../../../../arm-none-eabi/lib/armv7-m/crt0.o (exit)
c:/program files (x86)/cypress/psoc creator/4.2/psoc creator/import/gnu/arm/5.4.1/bin/../lib/gcc/arm-none-eabi/5.4.1/../../../../arm-none-eabi/lib/armv7-m\libg_nano.a(lib_a-impure.o)
                              c:/program files (x86)/cypress/psoc creator/4.2/psoc creator/import/gnu/arm/5.4.1/bin/../lib/gcc/arm-none-eabi/5.4.1/../../../../arm-none-eabi/lib/armv7-m\libg_nano.a(lib_a-exit.o) (_global_impure_ptr)
c:/program files (x86)/cypress/psoc creator/4.2/psoc creator/import/gnu/arm/5.4.1/bin/../lib/gcc/arm-none-eabi/5.4.1/../../../../arm-none-eabi/lib/armv7-m\libg_nano.a(lib_a-init.o)
                              c:/program files (x86)/cypress/psoc creator/4.2/psoc creator/import/gnu/arm/5.4.1/bin/../lib/gcc/arm-none-eabi/5.4.1/../../../../arm-none-eabi/lib/armv7-m/crt0.o (__libc_init_array)
c:/program files (x86)/cypress/psoc creator/4.2/psoc creator/import/gnu/arm/5.4.1/bin/../lib/gcc/arm-none-eabi/5.4.1/../../../../arm-none-eabi/lib/armv7-m\libg_nano.a(lib_a-memcpy-stub.o)
                              .\CortexM3\ARM_GCC_541\Debug\cyfitter_cfg.o (memcpy)
c:/program files (x86)/cypress/psoc creator/4.2/psoc creator/import/gnu/arm/5.4.1/bin/../lib/gcc/arm-none-eabi/5.4.1/../../../../arm-none-eabi/lib/armv7-m\libg_nano.a(lib_a-memset.o)
                              c:/program files (x86)/cypress/psoc creator/4.2/psoc creator/import/gnu/arm/5.4.1/bin/../lib/gcc/arm-none-eabi/5.4.1/../../../../arm-none-eabi/lib/armv7-m/crt0.o (memset)
c:/program files (x86)/cypress/psoc creator/4.2/psoc creator/import/gnu/arm/5.4.1/bin/../lib/gcc/arm-none-eabi/5.4.1/../../../../arm-none-eabi/lib/armv7-m\libg_nano.a(lib_a-strlen.o)
                              .\CortexM3\ARM_GCC_541\Debug\copro_commands.o (strlen)

Allocating common symbols
Common symbol       size              file

msCount             0x4               .\CortexM3\ARM_GCC_541\Debug\timing.o
dli                 0x4               .\CortexM3\ARM_GCC_541\Debug\EVE_HAL.o
cli                 0x4               .\CortexM3\ARM_GCC_541\Debug\EVE_HAL.o
minCount            0x4               .\CortexM3\ARM_GCC_541\Debug\timing.o
secCount            0x4               .\CortexM3\ARM_GCC_541\Debug\timing.o
SPI_EVE_swStatusTx  0x1               .\CortexM3\ARM_GCC_541\Debug\EVE.a(SPI_EVE.o)
dieTemperature      0x2               .\CortexM3\ARM_GCC_541\Debug\EVE.a(CyFlash.o)
SPI_EVE_swStatusRx  0x1               .\CortexM3\ARM_GCC_541\Debug\EVE.a(SPI_EVE.o)
tickStatus          0x4               .\CortexM3\ARM_GCC_541\Debug\timing.o

Discarded input sections

 .text          0x00000000        0x0 c:/program files (x86)/cypress/psoc creator/4.2/psoc creator/import/gnu/arm/5.4.1/bin/../lib/gcc/arm-none-eabi/5.4.1/armv7-m/crti.o
 .data          0x00000000        0x0 c:/program files (x86)/cypress/psoc creator/4.2/psoc creator/import/gnu/arm/5.4.1/bin/../lib/gcc/arm-none-eabi/5.4.1/armv7-m/crti.o
 .bss           0x00000000        0x0 c:/program files (x86)/cypress/psoc creator/4.2/psoc creator/import/gnu/arm/5.4.1/bin/../lib/gcc/arm-none-eabi/5.4.1/armv7-m/crti.o
 .data          0x00000000        0x4 c:/program files (x86)/cypress/psoc creator/4.2/psoc creator/import/gnu/arm/5.4.1/bin/../lib/gcc/arm-none-eabi/5.4.1/armv7-m/crtbegin.o
 .text          0x00000000       0x74 c:/program files (x86)/cypress/psoc creator/4.2/psoc creator/import/gnu/arm/5.4.1/bin/../lib/gcc/arm-none-eabi/5.4.1/../../../../arm-none-eabi/lib/armv7-m/crt0.o
 .data          0x00000000        0x0 c:/program files (x86)/cypress/psoc creator/4.2/psoc creator/import/gnu/arm/5.4.1/bin/../lib/gcc/arm-none-eabi/5.4.1/../../../../arm-none-eabi/lib/armv7-m/crt0.o
 .bss           0x00000000        0x0 c:/program files (x86)/cypress/psoc creator/4.2/psoc creator/import/gnu/arm/5.4.1/bin/../lib/gcc/arm-none-eabi/5.4.1/../../../../arm-none-eabi/lib/armv7-m/crt0.o
 .ARM.extab     0x00000000        0x0 c:/program files (x86)/cypress/psoc creator/4.2/psoc creator/import/gnu/arm/5.4.1/bin/../lib/gcc/arm-none-eabi/5.4.1/../../../../arm-none-eabi/lib/armv7-m/crt0.o
 .ARM.exidx     0x00000000        0x8 c:/program files (x86)/cypress/psoc creator/4.2/psoc creator/import/gnu/arm/5.4.1/bin/../lib/gcc/arm-none-eabi/5.4.1/../../../../arm-none-eabi/lib/armv7-m/crt0.o
 .text          0x00000000        0x0 .\CortexM3\ARM_GCC_541\Debug\main.o
 .data          0x00000000        0x0 .\CortexM3\ARM_GCC_541\Debug\main.o
 .bss           0x00000000        0x0 .\CortexM3\ARM_GCC_541\Debug\main.o
 .text          0x00000000        0x0 .\CortexM3\ARM_GCC_541\Debug\EVE_HAL.o
 .data          0x00000000        0xc .\CortexM3\ARM_GCC_541\Debug\EVE_HAL.o
 .bss           0x00000000        0x0 .\CortexM3\ARM_GCC_541\Debug\EVE_HAL.o
 .text.enable_EVE
                0x00000000        0x4 .\CortexM3\ARM_GCC_541\Debug\EVE_HAL.o
 .text.SPI2TransmitByte
                0x00000000        0x8 .\CortexM3\ARM_GCC_541\Debug\EVE_HAL.o
 .text.SPI2ReceiveByte
                0x00000000       0x10 .\CortexM3\ARM_GCC_541\Debug\EVE_HAL.o
 .text.rd8      0x00000000       0x38 .\CortexM3\ARM_GCC_541\Debug\EVE_HAL.o
 .text.rd32     0x00000000       0x50 .\CortexM3\ARM_GCC_541\Debug\EVE_HAL.o
 .text          0x00000000        0x0 .\CortexM3\ARM_GCC_541\Debug\EVE.o
 .text.updatecmdfifo
                0x00000000       0x28 .\CortexM3\ARM_GCC_541\Debug\EVE.o
 .text.recover_co_processor
                0x00000000       0x34 .\CortexM3\ARM_GCC_541\Debug\EVE.o
 .text.TFT_off  0x00000000       0x10 .\CortexM3\ARM_GCC_541\Debug\EVE.o
 .text.TFT_on   0x00000000       0x10 .\CortexM3\ARM_GCC_541\Debug\EVE.o
 .text.TFT_fadeout
                0x00000000       0x28 .\CortexM3\ARM_GCC_541\Debug\EVE.o
 .text.TFT_fadein
                0x00000000       0x28 .\CortexM3\ARM_GCC_541\Debug\EVE.o
 .text.dl       0x00000000       0x1c .\CortexM3\ARM_GCC_541\Debug\EVE.o
 .text.read_CHIPID
                0x00000000        0xc .\CortexM3\ARM_GCC_541\Debug\EVE.o
 .text.Logo     0x00000000       0x48 .\CortexM3\ARM_GCC_541\Debug\EVE.o
 .text          0x00000000        0x0 .\CortexM3\ARM_GCC_541\Debug\timing.o
 .data          0x00000000        0x0 .\CortexM3\ARM_GCC_541\Debug\timing.o
 .bss           0x00000000        0x0 .\CortexM3\ARM_GCC_541\Debug\timing.o
 .text          0x00000000        0x0 .\CortexM3\ARM_GCC_541\Debug\copro_commands.o
 .data          0x00000000        0x0 .\CortexM3\ARM_GCC_541\Debug\copro_commands.o
 .bss           0x00000000        0x0 .\CortexM3\ARM_GCC_541\Debug\copro_commands.o
 .text.cmd_bgcolor
                0x00000000       0x30 .\CortexM3\ARM_GCC_541\Debug\copro_commands.o
 .text.cmd_fgcolor
                0x00000000       0x30 .\CortexM3\ARM_GCC_541\Debug\copro_commands.o
 .text.cmd_button
                0x00000000       0x6c .\CortexM3\ARM_GCC_541\Debug\copro_commands.o
 .text.cmd_dial
                0x00000000       0x60 .\CortexM3\ARM_GCC_541\Debug\copro_commands.o
 .text.cmd_keys
                0x00000000       0x6c .\CortexM3\ARM_GCC_541\Debug\copro_commands.o
 .text.cmd_gradient
                0x00000000       0x74 .\CortexM3\ARM_GCC_541\Debug\copro_commands.o
 .text.cmd_progress
                0x00000000       0x78 .\CortexM3\ARM_GCC_541\Debug\copro_commands.o
 .text.cmd_scrollbar
                0x00000000       0x7c .\CortexM3\ARM_GCC_541\Debug\copro_commands.o
 .text.cmd_slider
                0x00000000       0x78 .\CortexM3\ARM_GCC_541\Debug\copro_commands.o
 .text.cmd_spinner
                0x00000000       0x50 .\CortexM3\ARM_GCC_541\Debug\copro_commands.o
 .text.cmd_clock
                0x00000000       0x7c .\CortexM3\ARM_GCC_541\Debug\copro_commands.o
 .text.cmd_gauge
                0x00000000       0x7c .\CortexM3\ARM_GCC_541\Debug\copro_commands.o
 .text.cmd_number
                0x00000000       0x60 .\CortexM3\ARM_GCC_541\Debug\copro_commands.o
 .text.cmd_track
                0x00000000       0x60 .\CortexM3\ARM_GCC_541\Debug\copro_commands.o
 .text.cmd_coldstart
                0x00000000       0x20 .\CortexM3\ARM_GCC_541\Debug\copro_commands.o
 .text.cmd_stop
                0x00000000       0x20 .\CortexM3\ARM_GCC_541\Debug\copro_commands.o
 .text.cmd_setfont
                0x00000000       0x44 .\CortexM3\ARM_GCC_541\Debug\copro_commands.o
 .text.cmd_logo
                0x00000000       0x20 .\CortexM3\ARM_GCC_541\Debug\copro_commands.o
 .text.cmd_memzero
                0x00000000       0x44 .\CortexM3\ARM_GCC_541\Debug\copro_commands.o
 .text          0x00000000        0x0 .\CortexM3\ARM_GCC_541\Debug\cyfitter_cfg.o
 .data          0x00000000        0x0 .\CortexM3\ARM_GCC_541\Debug\cyfitter_cfg.o
 .bss           0x00000000        0x0 .\CortexM3\ARM_GCC_541\Debug\cyfitter_cfg.o
 .text.SetAnalogRoutingPumps
                0x00000000       0x10 .\CortexM3\ARM_GCC_541\Debug\cyfitter_cfg.o
 .text          0x00000000        0x0 .\CortexM3\ARM_GCC_541\Debug\cymetadata.o
 .data          0x00000000        0x0 .\CortexM3\ARM_GCC_541\Debug\cymetadata.o
 .bss           0x00000000        0x0 .\CortexM3\ARM_GCC_541\Debug\cymetadata.o
 .text          0x00000000        0x0 .\CortexM3\ARM_GCC_541\Debug\Cm3Start.o
 .data          0x00000000        0x4 .\CortexM3\ARM_GCC_541\Debug\Cm3Start.o
 .bss           0x00000000        0x0 .\CortexM3\ARM_GCC_541\Debug\Cm3Start.o
 .text._exit    0x00000000        0xc .\CortexM3\ARM_GCC_541\Debug\Cm3Start.o
 .text._sbrk    0x00000000       0x30 .\CortexM3\ARM_GCC_541\Debug\Cm3Start.o
 .text          0x00000000        0x0 .\CortexM3\ARM_GCC_541\Debug\EVE.a(nPD_EVE.o)
 .data          0x00000000        0x0 .\CortexM3\ARM_GCC_541\Debug\EVE.a(nPD_EVE.o)
 .bss           0x00000000        0x0 .\CortexM3\ARM_GCC_541\Debug\EVE.a(nPD_EVE.o)
 .text.nPD_EVE_SetDriveMode
                0x00000000       0x18 .\CortexM3\ARM_GCC_541\Debug\EVE.a(nPD_EVE.o)
 .text.nPD_EVE_Read
                0x00000000       0x10 .\CortexM3\ARM_GCC_541\Debug\EVE.a(nPD_EVE.o)
 .text.nPD_EVE_ReadDataReg
                0x00000000       0x10 .\CortexM3\ARM_GCC_541\Debug\EVE.a(nPD_EVE.o)
 .text          0x00000000        0x0 .\CortexM3\ARM_GCC_541\Debug\EVE.a(SS_EVE.o)
 .data          0x00000000        0x0 .\CortexM3\ARM_GCC_541\Debug\EVE.a(SS_EVE.o)
 .bss           0x00000000        0x0 .\CortexM3\ARM_GCC_541\Debug\EVE.a(SS_EVE.o)
 .text.SS_EVE_SetDriveMode
                0x00000000       0x18 .\CortexM3\ARM_GCC_541\Debug\EVE.a(SS_EVE.o)
 .text.SS_EVE_Read
                0x00000000       0x10 .\CortexM3\ARM_GCC_541\Debug\EVE.a(SS_EVE.o)
 .text.SS_EVE_ReadDataReg
                0x00000000       0x10 .\CortexM3\ARM_GCC_541\Debug\EVE.a(SS_EVE.o)
 .text          0x00000000        0x0 .\CortexM3\ARM_GCC_541\Debug\EVE.a(CyLib.o)
 .text.CyUSB_PowerOnCheck
                0x00000000       0x48 .\CortexM3\ARM_GCC_541\Debug\EVE.a(CyLib.o)
 .text.CyBusClk_Internal_SetDivider
                0x00000000       0x48 .\CortexM3\ARM_GCC_541\Debug\EVE.a(CyLib.o)
 .text.CyPLL_OUT_Stop
                0x00000000       0x10 .\CortexM3\ARM_GCC_541\Debug\EVE.a(CyLib.o)
 .text.CyIMO_Stop
                0x00000000       0x1c .\CortexM3\ARM_GCC_541\Debug\EVE.a(CyLib.o)
 .text.CyIMO_EnableDoubler
                0x00000000       0x10 .\CortexM3\ARM_GCC_541\Debug\EVE.a(CyLib.o)
 .text.CyIMO_DisableDoubler
                0x00000000       0x10 .\CortexM3\ARM_GCC_541\Debug\EVE.a(CyLib.o)
 .text.CyMasterClk_SetSource
                0x00000000       0x18 .\CortexM3\ARM_GCC_541\Debug\EVE.a(CyLib.o)
 .text.CyMasterClk_SetDivider
                0x00000000        0xc .\CortexM3\ARM_GCC_541\Debug\EVE.a(CyLib.o)
 .text.CyBusClk_SetDivider
                0x00000000       0x70 .\CortexM3\ARM_GCC_541\Debug\EVE.a(CyLib.o)
 .text.CyUsbClk_SetSource
                0x00000000       0x18 .\CortexM3\ARM_GCC_541\Debug\EVE.a(CyLib.o)
 .text.CyILO_Start1K
                0x00000000       0x10 .\CortexM3\ARM_GCC_541\Debug\EVE.a(CyLib.o)
 .text.CyILO_Stop1K
                0x00000000       0x10 .\CortexM3\ARM_GCC_541\Debug\EVE.a(CyLib.o)
 .text.CyILO_Start100K
                0x00000000       0x10 .\CortexM3\ARM_GCC_541\Debug\EVE.a(CyLib.o)
 .text.CyILO_Stop100K
                0x00000000       0x10 .\CortexM3\ARM_GCC_541\Debug\EVE.a(CyLib.o)
 .text.CyPLL_OUT_Start
                0x00000000       0x78 .\CortexM3\ARM_GCC_541\Debug\EVE.a(CyLib.o)
 .text.CyIMO_Start
                0x00000000       0x60 .\CortexM3\ARM_GCC_541\Debug\EVE.a(CyLib.o)
 .text.CyILO_Enable33K
                0x00000000       0x10 .\CortexM3\ARM_GCC_541\Debug\EVE.a(CyLib.o)
 .text.CyILO_Disable33K
                0x00000000       0x10 .\CortexM3\ARM_GCC_541\Debug\EVE.a(CyLib.o)
 .text.CyILO_SetSource
                0x00000000       0x18 .\CortexM3\ARM_GCC_541\Debug\EVE.a(CyLib.o)
 .text.CyILO_SetPowerMode
                0x00000000       0x24 .\CortexM3\ARM_GCC_541\Debug\EVE.a(CyLib.o)
 .text.CyXTAL_32KHZ_Stop
                0x00000000       0x30 .\CortexM3\ARM_GCC_541\Debug\EVE.a(CyLib.o)
 .text.CyXTAL_32KHZ_ReadStatus
                0x00000000       0x10 .\CortexM3\ARM_GCC_541\Debug\EVE.a(CyLib.o)
 .text.CyXTAL_Start
                0x00000000       0xac .\CortexM3\ARM_GCC_541\Debug\EVE.a(CyLib.o)
 .text.CyXTAL_Stop
                0x00000000       0x10 .\CortexM3\ARM_GCC_541\Debug\EVE.a(CyLib.o)
 .text.CyXTAL_EnableErrStatus
                0x00000000       0x10 .\CortexM3\ARM_GCC_541\Debug\EVE.a(CyLib.o)
 .text.CyXTAL_DisableErrStatus
                0x00000000       0x10 .\CortexM3\ARM_GCC_541\Debug\EVE.a(CyLib.o)
 .text.CyXTAL_ReadStatus
                0x00000000       0x18 .\CortexM3\ARM_GCC_541\Debug\EVE.a(CyLib.o)
 .text.CyXTAL_EnableFaultRecovery
                0x00000000       0x10 .\CortexM3\ARM_GCC_541\Debug\EVE.a(CyLib.o)
 .text.CyXTAL_DisableFaultRecovery
                0x00000000       0x10 .\CortexM3\ARM_GCC_541\Debug\EVE.a(CyLib.o)
 .text.CyXTAL_SetStartup
                0x00000000       0x18 .\CortexM3\ARM_GCC_541\Debug\EVE.a(CyLib.o)
 .text.CyXTAL_SetFbVoltage
                0x00000000       0x18 .\CortexM3\ARM_GCC_541\Debug\EVE.a(CyLib.o)
 .text.CyXTAL_SetWdVoltage
                0x00000000       0x18 .\CortexM3\ARM_GCC_541\Debug\EVE.a(CyLib.o)
 .text.CyPLL_OUT_SetPQ
                0x00000000       0x60 .\CortexM3\ARM_GCC_541\Debug\EVE.a(CyLib.o)
 .text.CyPLL_OUT_SetSource
                0x00000000       0x34 .\CortexM3\ARM_GCC_541\Debug\EVE.a(CyLib.o)
 .text.CyIMO_SetTrimValue
                0x00000000       0xcc .\CortexM3\ARM_GCC_541\Debug\EVE.a(CyLib.o)
 .text.CyIMO_SetFreq
                0x00000000       0xf4 .\CortexM3\ARM_GCC_541\Debug\EVE.a(CyLib.o)
 .text.CyIMO_SetSource
                0x00000000       0x58 .\CortexM3\ARM_GCC_541\Debug\EVE.a(CyLib.o)
 .text.CySoftwareReset
                0x00000000       0x10 .\CortexM3\ARM_GCC_541\Debug\EVE.a(CyLib.o)
 .text.CyDelay  0x00000000       0x2c .\CortexM3\ARM_GCC_541\Debug\EVE.a(CyLib.o)
 .text.CyDelayUs
                0x00000000       0x14 .\CortexM3\ARM_GCC_541\Debug\EVE.a(CyLib.o)
 .text.CyXTAL_32KHZ_SetPowerMode
                0x00000000       0x84 .\CortexM3\ARM_GCC_541\Debug\EVE.a(CyLib.o)
 .text.CyXTAL_32KHZ_Start
                0x00000000       0x74 .\CortexM3\ARM_GCC_541\Debug\EVE.a(CyLib.o)
 .text.CyDelayFreq
                0x00000000       0x4c .\CortexM3\ARM_GCC_541\Debug\EVE.a(CyLib.o)
 .text.CyWdtStart
                0x00000000       0x40 .\CortexM3\ARM_GCC_541\Debug\EVE.a(CyLib.o)
 .text.CyWdtClear
                0x00000000        0xc .\CortexM3\ARM_GCC_541\Debug\EVE.a(CyLib.o)
 .text.CyVdStickyStatus
                0x00000000       0x2c .\CortexM3\ARM_GCC_541\Debug\EVE.a(CyLib.o)
 .text.CyVdLvDigitEnable
                0x00000000       0x84 .\CortexM3\ARM_GCC_541\Debug\EVE.a(CyLib.o)
 .text.CyVdLvAnalogEnable
                0x00000000       0x80 .\CortexM3\ARM_GCC_541\Debug\EVE.a(CyLib.o)
 .text.CyVdLvDigitDisable
                0x00000000       0x30 .\CortexM3\ARM_GCC_541\Debug\EVE.a(CyLib.o)
 .text.CyVdLvAnalogDisable
                0x00000000       0x28 .\CortexM3\ARM_GCC_541\Debug\EVE.a(CyLib.o)
 .text.CyVdHvAnalogEnable
                0x00000000       0x54 .\CortexM3\ARM_GCC_541\Debug\EVE.a(CyLib.o)
 .text.CyVdHvAnalogDisable
                0x00000000       0x20 .\CortexM3\ARM_GCC_541\Debug\EVE.a(CyLib.o)
 .text.CyVdRealTimeStatus
                0x00000000       0x1c .\CortexM3\ARM_GCC_541\Debug\EVE.a(CyLib.o)
 .text.CyDisableInts
                0x00000000       0x1c .\CortexM3\ARM_GCC_541\Debug\EVE.a(CyLib.o)
 .text.CyEnableInts
                0x00000000       0x18 .\CortexM3\ARM_GCC_541\Debug\EVE.a(CyLib.o)
 .text.CyFlushCache
                0x00000000       0x44 .\CortexM3\ARM_GCC_541\Debug\EVE.a(CyLib.o)
 .text.CyIntGetSysVector
                0x00000000       0x20 .\CortexM3\ARM_GCC_541\Debug\EVE.a(CyLib.o)
 .text.CyIntSetVector
                0x00000000       0x28 .\CortexM3\ARM_GCC_541\Debug\EVE.a(CyLib.o)
 .text.CyIntGetVector
                0x00000000       0x24 .\CortexM3\ARM_GCC_541\Debug\EVE.a(CyLib.o)
 .text.CyIntSetPriority
                0x00000000       0x30 .\CortexM3\ARM_GCC_541\Debug\EVE.a(CyLib.o)
 .text.CyIntGetPriority
                0x00000000       0x20 .\CortexM3\ARM_GCC_541\Debug\EVE.a(CyLib.o)
 .text.CyIntGetState
                0x00000000       0x24 .\CortexM3\ARM_GCC_541\Debug\EVE.a(CyLib.o)
 .text.CySysTickStop
                0x00000000       0x10 .\CortexM3\ARM_GCC_541\Debug\EVE.a(CyLib.o)
 .text.CySysTickDisableInterrupt
                0x00000000       0x10 .\CortexM3\ARM_GCC_541\Debug\EVE.a(CyLib.o)
 .text.CySysTickGetReload
                0x00000000       0x10 .\CortexM3\ARM_GCC_541\Debug\EVE.a(CyLib.o)
 .text.CySysTickGetValue
                0x00000000       0x10 .\CortexM3\ARM_GCC_541\Debug\EVE.a(CyLib.o)
 .text.CySysTickGetClockSource
                0x00000000       0x10 .\CortexM3\ARM_GCC_541\Debug\EVE.a(CyLib.o)
 .text.CyGetUniqueId
                0x00000000       0x70 .\CortexM3\ARM_GCC_541\Debug\EVE.a(CyLib.o)
 .text          0x00000000        0x0 .\CortexM3\ARM_GCC_541\Debug\EVE.a(cyPm.o)
 .data          0x00000000        0x0 .\CortexM3\ARM_GCC_541\Debug\EVE.a(cyPm.o)
 .bss           0x00000000       0x43 .\CortexM3\ARM_GCC_541\Debug\EVE.a(cyPm.o)
 .text.CyPmHibSlpSaveSet
                0x00000000      0x1dc .\CortexM3\ARM_GCC_541\Debug\EVE.a(cyPm.o)
 .text.CyPmHibSlpRestore
                0x00000000       0xd8 .\CortexM3\ARM_GCC_541\Debug\EVE.a(cyPm.o)
 .text.CyPmHviLviSaveDisable
                0x00000000       0xa0 .\CortexM3\ARM_GCC_541\Debug\EVE.a(cyPm.o)
 .text.CyPmHibSaveSet
                0x00000000       0x98 .\CortexM3\ARM_GCC_541\Debug\EVE.a(cyPm.o)
 .text.CyPmHviLviRestore
                0x00000000       0x48 .\CortexM3\ARM_GCC_541\Debug\EVE.a(cyPm.o)
 .text.CyPmHibRestore
                0x00000000       0x60 .\CortexM3\ARM_GCC_541\Debug\EVE.a(cyPm.o)
 .text.CyPmSaveClocks
                0x00000000      0x218 .\CortexM3\ARM_GCC_541\Debug\EVE.a(cyPm.o)
 .text.CyPmRestoreClocks
                0x00000000      0x24c .\CortexM3\ARM_GCC_541\Debug\EVE.a(cyPm.o)
 .text.CyPmAltAct
                0x00000000       0x6c .\CortexM3\ARM_GCC_541\Debug\EVE.a(cyPm.o)
 .text.CyPmSleep
                0x00000000       0xf4 .\CortexM3\ARM_GCC_541\Debug\EVE.a(cyPm.o)
 .text.CyPmHibernateEx
                0x00000000       0xf4 .\CortexM3\ARM_GCC_541\Debug\EVE.a(cyPm.o)
 .text.CyPmHibernate
                0x00000000        0xc .\CortexM3\ARM_GCC_541\Debug\EVE.a(cyPm.o)
 .text.CyPmReadStatus
                0x00000000       0x30 .\CortexM3\ARM_GCC_541\Debug\EVE.a(cyPm.o)
 .text.CyPmCtwSetInterval
                0x00000000       0x5c .\CortexM3\ARM_GCC_541\Debug\EVE.a(cyPm.o)
 .text.CyPmOppsSet
                0x00000000       0x2c .\CortexM3\ARM_GCC_541\Debug\EVE.a(cyPm.o)
 .text.CyPmFtwSetInterval
                0x00000000       0x5c .\CortexM3\ARM_GCC_541\Debug\EVE.a(cyPm.o)
 .rodata        0x00000000        0xf .\CortexM3\ARM_GCC_541\Debug\EVE.a(cyPm.o)
 .text          0x00000000        0x0 .\CortexM3\ARM_GCC_541\Debug\EVE.a(SPI_EVE.o)
 .data          0x00000000        0x0 .\CortexM3\ARM_GCC_541\Debug\EVE.a(SPI_EVE.o)
 .bss           0x00000000        0x1 .\CortexM3\ARM_GCC_541\Debug\EVE.a(SPI_EVE.o)
 .text.SPI_EVE_Enable
                0x00000000       0x30 .\CortexM3\ARM_GCC_541\Debug\EVE.a(SPI_EVE.o)
 .text.SPI_EVE_Stop
                0x00000000       0x24 .\CortexM3\ARM_GCC_541\Debug\EVE.a(SPI_EVE.o)
 .text.SPI_EVE_EnableTxInt
                0x00000000        0x4 .\CortexM3\ARM_GCC_541\Debug\EVE.a(SPI_EVE.o)
 .text.SPI_EVE_EnableRxInt
                0x00000000        0x4 .\CortexM3\ARM_GCC_541\Debug\EVE.a(SPI_EVE.o)
 .text.SPI_EVE_DisableTxInt
                0x00000000        0x4 .\CortexM3\ARM_GCC_541\Debug\EVE.a(SPI_EVE.o)
 .text.SPI_EVE_DisableRxInt
                0x00000000        0x4 .\CortexM3\ARM_GCC_541\Debug\EVE.a(SPI_EVE.o)
 .text.SPI_EVE_SetTxInterruptMode
                0x00000000        0xc .\CortexM3\ARM_GCC_541\Debug\EVE.a(SPI_EVE.o)
 .text.SPI_EVE_SetRxInterruptMode
                0x00000000        0xc .\CortexM3\ARM_GCC_541\Debug\EVE.a(SPI_EVE.o)
 .text.SPI_EVE_ReadTxStatus
                0x00000000        0xc .\CortexM3\ARM_GCC_541\Debug\EVE.a(SPI_EVE.o)
 .text.SPI_EVE_ReadRxStatus
                0x00000000        0xc .\CortexM3\ARM_GCC_541\Debug\EVE.a(SPI_EVE.o)
 .text.SPI_EVE_GetRxBufferSize
                0x00000000       0x18 .\CortexM3\ARM_GCC_541\Debug\EVE.a(SPI_EVE.o)
 .text.SPI_EVE_GetTxBufferSize
                0x00000000       0x24 .\CortexM3\ARM_GCC_541\Debug\EVE.a(SPI_EVE.o)
 .text.SPI_EVE_ClearRxBuffer
                0x00000000       0x1c .\CortexM3\ARM_GCC_541\Debug\EVE.a(SPI_EVE.o)
 .text.SPI_EVE_ClearTxBuffer
                0x00000000       0x24 .\CortexM3\ARM_GCC_541\Debug\EVE.a(SPI_EVE.o)
 .text.SPI_EVE_PutArray
                0x00000000       0x20 .\CortexM3\ARM_GCC_541\Debug\EVE.a(SPI_EVE.o)
 .text.SPI_EVE_ClearFIFO
                0x00000000       0x3c .\CortexM3\ARM_GCC_541\Debug\EVE.a(SPI_EVE.o)
 .text.SPI_EVE_Init
                0x00000000       0x28 .\CortexM3\ARM_GCC_541\Debug\EVE.a(SPI_EVE.o)
 .text.SPI_EVE_Start
                0x00000000       0x1c .\CortexM3\ARM_GCC_541\Debug\EVE.a(SPI_EVE.o)
 .text.SPI_EVE_EnableInt
                0x00000000        0x4 .\CortexM3\ARM_GCC_541\Debug\EVE.a(SPI_EVE.o)
 .text.SPI_EVE_DisableInt
                0x00000000        0x4 .\CortexM3\ARM_GCC_541\Debug\EVE.a(SPI_EVE.o)
 .text.SPI_EVE_SetInterruptMode
                0x00000000       0x14 .\CortexM3\ARM_GCC_541\Debug\EVE.a(SPI_EVE.o)
 .text.SPI_EVE_ReadStatus
                0x00000000       0x18 .\CortexM3\ARM_GCC_541\Debug\EVE.a(SPI_EVE.o)
 COMMON         0x00000000        0x2 .\CortexM3\ARM_GCC_541\Debug\EVE.a(SPI_EVE.o)
 .data          0x00000000        0x0 .\CortexM3\ARM_GCC_541\Debug\EVE.a(CyBootAsmGnu.o)
 .bss           0x00000000        0x0 .\CortexM3\ARM_GCC_541\Debug\EVE.a(CyBootAsmGnu.o)
 .text          0x00000000        0x0 .\CortexM3\ARM_GCC_541\Debug\EVE.a(CyFlash.o)
 .data          0x00000000        0x0 .\CortexM3\ARM_GCC_541\Debug\EVE.a(CyFlash.o)
 .bss           0x00000000        0x0 .\CortexM3\ARM_GCC_541\Debug\EVE.a(CyFlash.o)
 .text.CySetTempInt
                0x00000000       0x60 .\CortexM3\ARM_GCC_541\Debug\EVE.a(CyFlash.o)
 .text.CyFlash_Start
                0x00000000       0x54 .\CortexM3\ARM_GCC_541\Debug\EVE.a(CyFlash.o)
 .text.CyFlash_Stop
                0x00000000       0x24 .\CortexM3\ARM_GCC_541\Debug\EVE.a(CyFlash.o)
 .text.CyFlash_EraseRow
                0x00000000       0x78 .\CortexM3\ARM_GCC_541\Debug\EVE.a(CyFlash.o)
 .text.CyFlashGetSpcAlgorithm
                0x00000000       0x4c .\CortexM3\ARM_GCC_541\Debug\EVE.a(CyFlash.o)
 .text.CySetTemp
                0x00000000       0x14 .\CortexM3\ARM_GCC_541\Debug\EVE.a(CyFlash.o)
 .text.CySetFlashEEBuffer
                0x00000000       0x20 .\CortexM3\ARM_GCC_541\Debug\EVE.a(CyFlash.o)
 .text.CyWriteRowFull
                0x00000000       0xf8 .\CortexM3\ARM_GCC_541\Debug\EVE.a(CyFlash.o)
 .text.CyWriteRowData
                0x00000000       0x14 .\CortexM3\ARM_GCC_541\Debug\EVE.a(CyFlash.o)
 .text.CyFlash_SetWaitCycles
                0x00000000       0x7c .\CortexM3\ARM_GCC_541\Debug\EVE.a(CyFlash.o)
 .text.CyEEPROM_Start
                0x00000000       0x54 .\CortexM3\ARM_GCC_541\Debug\EVE.a(CyFlash.o)
 .text.CyEEPROM_Stop
                0x00000000       0x24 .\CortexM3\ARM_GCC_541\Debug\EVE.a(CyFlash.o)
 .text.CyEEPROM_ReadReserve
                0x00000000       0x1c .\CortexM3\ARM_GCC_541\Debug\EVE.a(CyFlash.o)
 .text.CyEEPROM_ReadRelease
                0x00000000       0x10 .\CortexM3\ARM_GCC_541\Debug\EVE.a(CyFlash.o)
 COMMON         0x00000000        0x2 .\CortexM3\ARM_GCC_541\Debug\EVE.a(CyFlash.o)
 .text          0x00000000        0x0 .\CortexM3\ARM_GCC_541\Debug\EVE.a(CySpc.o)
 .data          0x00000000        0x0 .\CortexM3\ARM_GCC_541\Debug\EVE.a(CySpc.o)
 .bss           0x00000000        0x8 .\CortexM3\ARM_GCC_541\Debug\EVE.a(CySpc.o)
 .text.CySpcStart
                0x00000000       0x24 .\CortexM3\ARM_GCC_541\Debug\EVE.a(CySpc.o)
 .text.CySpcStop
                0x00000000       0x24 .\CortexM3\ARM_GCC_541\Debug\EVE.a(CySpc.o)
 .text.CySpcReadData
                0x00000000       0x34 .\CortexM3\ARM_GCC_541\Debug\EVE.a(CySpc.o)
 .text.CySpcLoadMultiByte
                0x00000000       0x78 .\CortexM3\ARM_GCC_541\Debug\EVE.a(CySpc.o)
 .text.CySpcLoadRow
                0x00000000       0x50 .\CortexM3\ARM_GCC_541\Debug\EVE.a(CySpc.o)
 .text.CySpcLoadRowFull
                0x00000000       0x80 .\CortexM3\ARM_GCC_541\Debug\EVE.a(CySpc.o)
 .text.CySpcWriteRow
                0x00000000       0x4c .\CortexM3\ARM_GCC_541\Debug\EVE.a(CySpc.o)
 .text.CySpcEraseSector
                0x00000000       0x3c .\CortexM3\ARM_GCC_541\Debug\EVE.a(CySpc.o)
 .text.CySpcEraseRow
                0x00000000       0x4c .\CortexM3\ARM_GCC_541\Debug\EVE.a(CySpc.o)
 .text.CySpcGetTemp
                0x00000000       0x3c .\CortexM3\ARM_GCC_541\Debug\EVE.a(CySpc.o)
 .text.CySpcLock
                0x00000000       0x4c .\CortexM3\ARM_GCC_541\Debug\EVE.a(CySpc.o)
 .text.CySpcUnlock
                0x00000000       0x38 .\CortexM3\ARM_GCC_541\Debug\EVE.a(CySpc.o)
 .text.CySpcGetAlgorithm
                0x00000000       0x28 .\CortexM3\ARM_GCC_541\Debug\EVE.a(CySpc.o)
 .text          0x00000000        0x0 c:/program files (x86)/cypress/psoc creator/4.2/psoc creator/import/gnu/arm/5.4.1/bin/../lib/gcc/arm-none-eabi/5.4.1/../../../../arm-none-eabi/lib/armv7-m\libg_nano.a(lib_a-errno.o)
 .data          0x00000000        0x0 c:/program files (x86)/cypress/psoc creator/4.2/psoc creator/import/gnu/arm/5.4.1/bin/../lib/gcc/arm-none-eabi/5.4.1/../../../../arm-none-eabi/lib/armv7-m\libg_nano.a(lib_a-errno.o)
 .bss           0x00000000        0x0 c:/program files (x86)/cypress/psoc creator/4.2/psoc creator/import/gnu/arm/5.4.1/bin/../lib/gcc/arm-none-eabi/5.4.1/../../../../arm-none-eabi/lib/armv7-m\libg_nano.a(lib_a-errno.o)
 .text          0x00000000        0x0 c:/program files (x86)/cypress/psoc creator/4.2/psoc creator/import/gnu/arm/5.4.1/bin/../lib/gcc/arm-none-eabi/5.4.1/../../../../arm-none-eabi/lib/armv7-m\libg_nano.a(lib_a-exit.o)
 .data          0x00000000        0x0 c:/program files (x86)/cypress/psoc creator/4.2/psoc creator/import/gnu/arm/5.4.1/bin/../lib/gcc/arm-none-eabi/5.4.1/../../../../arm-none-eabi/lib/armv7-m\libg_nano.a(lib_a-exit.o)
 .bss           0x00000000        0x0 c:/program files (x86)/cypress/psoc creator/4.2/psoc creator/import/gnu/arm/5.4.1/bin/../lib/gcc/arm-none-eabi/5.4.1/../../../../arm-none-eabi/lib/armv7-m\libg_nano.a(lib_a-exit.o)
 .text.exit     0x00000000       0x28 c:/program files (x86)/cypress/psoc creator/4.2/psoc creator/import/gnu/arm/5.4.1/bin/../lib/gcc/arm-none-eabi/5.4.1/../../../../arm-none-eabi/lib/armv7-m\libg_nano.a(lib_a-exit.o)
 .text          0x00000000        0x0 c:/program files (x86)/cypress/psoc creator/4.2/psoc creator/import/gnu/arm/5.4.1/bin/../lib/gcc/arm-none-eabi/5.4.1/../../../../arm-none-eabi/lib/armv7-m\libg_nano.a(lib_a-impure.o)
 .data          0x00000000        0x0 c:/program files (x86)/cypress/psoc creator/4.2/psoc creator/import/gnu/arm/5.4.1/bin/../lib/gcc/arm-none-eabi/5.4.1/../../../../arm-none-eabi/lib/armv7-m\libg_nano.a(lib_a-impure.o)
 .bss           0x00000000        0x0 c:/program files (x86)/cypress/psoc creator/4.2/psoc creator/import/gnu/arm/5.4.1/bin/../lib/gcc/arm-none-eabi/5.4.1/../../../../arm-none-eabi/lib/armv7-m\libg_nano.a(lib_a-impure.o)
 .rodata._global_impure_ptr
                0x00000000        0x4 c:/program files (x86)/cypress/psoc creator/4.2/psoc creator/import/gnu/arm/5.4.1/bin/../lib/gcc/arm-none-eabi/5.4.1/../../../../arm-none-eabi/lib/armv7-m\libg_nano.a(lib_a-impure.o)
 .text          0x00000000        0x0 c:/program files (x86)/cypress/psoc creator/4.2/psoc creator/import/gnu/arm/5.4.1/bin/../lib/gcc/arm-none-eabi/5.4.1/../../../../arm-none-eabi/lib/armv7-m\libg_nano.a(lib_a-init.o)
 .data          0x00000000        0x0 c:/program files (x86)/cypress/psoc creator/4.2/psoc creator/import/gnu/arm/5.4.1/bin/../lib/gcc/arm-none-eabi/5.4.1/../../../../arm-none-eabi/lib/armv7-m\libg_nano.a(lib_a-init.o)
 .bss           0x00000000        0x0 c:/program files (x86)/cypress/psoc creator/4.2/psoc creator/import/gnu/arm/5.4.1/bin/../lib/gcc/arm-none-eabi/5.4.1/../../../../arm-none-eabi/lib/armv7-m\libg_nano.a(lib_a-init.o)
 .text          0x00000000        0x0 c:/program files (x86)/cypress/psoc creator/4.2/psoc creator/import/gnu/arm/5.4.1/bin/../lib/gcc/arm-none-eabi/5.4.1/../../../../arm-none-eabi/lib/armv7-m\libg_nano.a(lib_a-memcpy-stub.o)
 .data          0x00000000        0x0 c:/program files (x86)/cypress/psoc creator/4.2/psoc creator/import/gnu/arm/5.4.1/bin/../lib/gcc/arm-none-eabi/5.4.1/../../../../arm-none-eabi/lib/armv7-m\libg_nano.a(lib_a-memcpy-stub.o)
 .bss           0x00000000        0x0 c:/program files (x86)/cypress/psoc creator/4.2/psoc creator/import/gnu/arm/5.4.1/bin/../lib/gcc/arm-none-eabi/5.4.1/../../../../arm-none-eabi/lib/armv7-m\libg_nano.a(lib_a-memcpy-stub.o)
 .text          0x00000000        0x0 c:/program files (x86)/cypress/psoc creator/4.2/psoc creator/import/gnu/arm/5.4.1/bin/../lib/gcc/arm-none-eabi/5.4.1/../../../../arm-none-eabi/lib/armv7-m\libg_nano.a(lib_a-memset.o)
 .data          0x00000000        0x0 c:/program files (x86)/cypress/psoc creator/4.2/psoc creator/import/gnu/arm/5.4.1/bin/../lib/gcc/arm-none-eabi/5.4.1/../../../../arm-none-eabi/lib/armv7-m\libg_nano.a(lib_a-memset.o)
 .bss           0x00000000        0x0 c:/program files (x86)/cypress/psoc creator/4.2/psoc creator/import/gnu/arm/5.4.1/bin/../lib/gcc/arm-none-eabi/5.4.1/../../../../arm-none-eabi/lib/armv7-m\libg_nano.a(lib_a-memset.o)
 .data          0x00000000        0x0 c:/program files (x86)/cypress/psoc creator/4.2/psoc creator/import/gnu/arm/5.4.1/bin/../lib/gcc/arm-none-eabi/5.4.1/../../../../arm-none-eabi/lib/armv7-m\libg_nano.a(lib_a-strlen.o)
 .bss           0x00000000        0x0 c:/program files (x86)/cypress/psoc creator/4.2/psoc creator/import/gnu/arm/5.4.1/bin/../lib/gcc/arm-none-eabi/5.4.1/../../../../arm-none-eabi/lib/armv7-m\libg_nano.a(lib_a-strlen.o)
 .text          0x00000000        0x0 c:/program files (x86)/cypress/psoc creator/4.2/psoc creator/import/gnu/arm/5.4.1/bin/../lib/gcc/arm-none-eabi/5.4.1/armv7-m/crtend.o
 .data          0x00000000        0x0 c:/program files (x86)/cypress/psoc creator/4.2/psoc creator/import/gnu/arm/5.4.1/bin/../lib/gcc/arm-none-eabi/5.4.1/armv7-m/crtend.o
 .bss           0x00000000        0x0 c:/program files (x86)/cypress/psoc creator/4.2/psoc creator/import/gnu/arm/5.4.1/bin/../lib/gcc/arm-none-eabi/5.4.1/armv7-m/crtend.o
 .text          0x00000000        0x0 c:/program files (x86)/cypress/psoc creator/4.2/psoc creator/import/gnu/arm/5.4.1/bin/../lib/gcc/arm-none-eabi/5.4.1/armv7-m/crtn.o
 .data          0x00000000        0x0 c:/program files (x86)/cypress/psoc creator/4.2/psoc creator/import/gnu/arm/5.4.1/bin/../lib/gcc/arm-none-eabi/5.4.1/armv7-m/crtn.o
 .bss           0x00000000        0x0 c:/program files (x86)/cypress/psoc creator/4.2/psoc creator/import/gnu/arm/5.4.1/bin/../lib/gcc/arm-none-eabi/5.4.1/armv7-m/crtn.o

Memory Configuration

Name             Origin             Length             Attributes
rom              0x00000000         0x00040000         xr
ram              0x1fff8000         0x00010000         xrw
*default*        0x00000000         0xffffffff

Linker script and memory map

LOAD c:/program files (x86)/cypress/psoc creator/4.2/psoc creator/import/gnu/arm/5.4.1/bin/../lib/gcc/arm-none-eabi/5.4.1/armv7-m/crti.o
LOAD c:/program files (x86)/cypress/psoc creator/4.2/psoc creator/import/gnu/arm/5.4.1/bin/../lib/gcc/arm-none-eabi/5.4.1/armv7-m/crtbegin.o
LOAD c:/program files (x86)/cypress/psoc creator/4.2/psoc creator/import/gnu/arm/5.4.1/bin/../lib/gcc/arm-none-eabi/5.4.1/../../../../arm-none-eabi/lib/armv7-m/crt0.o
START GROUP
LOAD .\CortexM3\ARM_GCC_541\Debug\main.o
LOAD .\CortexM3\ARM_GCC_541\Debug\EVE_HAL.o
LOAD .\CortexM3\ARM_GCC_541\Debug\EVE.o
LOAD .\CortexM3\ARM_GCC_541\Debug\timing.o
LOAD .\CortexM3\ARM_GCC_541\Debug\copro_commands.o
LOAD .\CortexM3\ARM_GCC_541\Debug\cyfitter_cfg.o
LOAD .\CortexM3\ARM_GCC_541\Debug\cymetadata.o
LOAD .\CortexM3\ARM_GCC_541\Debug\Cm3Start.o
LOAD .\CortexM3\ARM_GCC_541\Debug\EVE.a
LOAD C:\Program Files (x86)\Cypress\PSoC Creator\4.2\PSoC Creator\psoc\content\cycomponentlibrary\CyComponentLibrary.cylib\CortexM3\ARM_GCC_541\Debug\CyComponentLibrary.a
END GROUP
START GROUP
LOAD c:/program files (x86)/cypress/psoc creator/4.2/psoc creator/import/gnu/arm/5.4.1/bin/../lib/gcc/arm-none-eabi/5.4.1/armv7-m\libgcc.a
LOAD c:/program files (x86)/cypress/psoc creator/4.2/psoc creator/import/gnu/arm/5.4.1/bin/../lib/gcc/arm-none-eabi/5.4.1/../../../../arm-none-eabi/lib/armv7-m\libg_nano.a
LOAD c:/program files (x86)/cypress/psoc creator/4.2/psoc creator/import/gnu/arm/5.4.1/bin/../lib/gcc/arm-none-eabi/5.4.1/../../../../arm-none-eabi/lib/armv7-m\libc_nano.a
END GROUP
START GROUP
LOAD c:/program files (x86)/cypress/psoc creator/4.2/psoc creator/import/gnu/arm/5.4.1/bin/../lib/gcc/arm-none-eabi/5.4.1/armv7-m\libgcc.a
LOAD c:/program files (x86)/cypress/psoc creator/4.2/psoc creator/import/gnu/arm/5.4.1/bin/../lib/gcc/arm-none-eabi/5.4.1/../../../../arm-none-eabi/lib/armv7-m\libc_nano.a
END GROUP
LOAD c:/program files (x86)/cypress/psoc creator/4.2/psoc creator/import/gnu/arm/5.4.1/bin/../lib/gcc/arm-none-eabi/5.4.1/armv7-m/crtend.o
LOAD c:/program files (x86)/cypress/psoc creator/4.2/psoc creator/import/gnu/arm/5.4.1/bin/../lib/gcc/arm-none-eabi/5.4.1/armv7-m/crtn.o
START GROUP
LOAD c:/program files (x86)/cypress/psoc creator/4.2/psoc creator/import/gnu/arm/5.4.1/bin/../lib/gcc/arm-none-eabi/5.4.1/armv7-m\libgcc.a
LOAD c:/program files (x86)/cypress/psoc creator/4.2/psoc creator/import/gnu/arm/5.4.1/bin/../lib/gcc/arm-none-eabi/5.4.1/../../../../arm-none-eabi/lib/armv7-m\libc.a
LOAD c:/program files (x86)/cypress/psoc creator/4.2/psoc creator/import/gnu/arm/5.4.1/bin/../lib/gcc/arm-none-eabi/5.4.1/../../../../arm-none-eabi/lib/armv7-m\libnosys.a
END GROUP
                0x00000000                CY_APPL_ORIGIN = 0x0
                0x00000100                CY_FLASH_ROW_SIZE = 0x100
                0x00000020                CY_ECC_ROW_SIZE = 0x20
                0x00000000                CY_EE_IN_BTLDR = 0x0
                0x00000000                CY_APPL_LOADABLE = 0x0
                0x00000800                CY_EE_SIZE = 0x800
                0x00000001                CY_APPL_NUM = 0x1
                0x00000001                CY_APPL_MAX = 0x1
                0x00000040                CY_METADATA_SIZE = 0x40
                0x00000000                CY_APPL_LOADABLE = 0x0
                0x00000000                CY_CHECKSUM_EXCLUDE_SIZE = ALIGN (0x0, CY_FLASH_ROW_SIZE)
                [!provide]                PROVIDE (__cy_heap_start, _end)
                0x00000001                PROVIDE (__cy_region_num, ((__cy_regions_end - __cy_regions) / 0x10))
                0x20008000                PROVIDE (__cy_stack, (ORIGIN (ram) + LENGTH (ram)))
                [!provide]                PROVIDE (__cy_heap_end, (__cy_stack - 0x800))

.cybootloader   0x00000000        0x0
 *(.cybootloader)
                0x00000000                appl1_start = CY_APPL_ORIGIN?CY_APPL_ORIGIN:ALIGN (CY_FLASH_ROW_SIZE)
                0x0001ff00                appl2_start = (appl1_start + ALIGN ((((LENGTH (rom) - appl1_start) - (0x2 * CY_FLASH_ROW_SIZE)) / 0x2), CY_FLASH_ROW_SIZE))
                0x00000000                appl_start = (CY_APPL_NUM == 0x1)?appl1_start:appl2_start
                0x00000000                ecc_offset = ((appl_start / CY_FLASH_ROW_SIZE) * CY_ECC_ROW_SIZE)
                0x00000000                ee_offset = (CY_APPL_LOADABLE && ! (CY_EE_IN_BTLDR))?((CY_EE_SIZE / CY_APPL_MAX) * (CY_APPL_NUM - 0x1)):0x0
                0x00000800                ee_size = (CY_APPL_LOADABLE && ! (CY_EE_IN_BTLDR))?(CY_EE_SIZE / CY_APPL_MAX):CY_EE_SIZE
                [!provide]                PROVIDE (CY_ECC_OFFSET, ecc_offset)

.text           0x00000000      0xb0e
 CREATE_OBJECT_SYMBOLS
                0x00000000                PROVIDE (__cy_interrupt_vector, RomVectors)
 *(.romvectors)
 .romvectors    0x00000000       0x10 .\CortexM3\ARM_GCC_541\Debug\Cm3Start.o
                0x00000000                RomVectors
                0x00000001                ASSERT ((. != __cy_interrupt_vector), No interrupt vector)
                0x00000001                ASSERT (CY_APPL_ORIGIN?(SIZEOF (.cybootloader) <= CY_APPL_ORIGIN):0x1, Wrong image location)
                0x00000010                PROVIDE (__cy_reset, Reset)
 *(.text.Reset)
 .text.Reset    0x00000010       0x18 .\CortexM3\ARM_GCC_541\Debug\Cm3Start.o
                0x00000010                Reset
                0x00000001                ASSERT ((. != __cy_reset), No reset code)
 *(.dma_init)
                0x00000001                ASSERT ((((appl_start + .) <= 0x10000) || 0x1), DMA Init must be within the first 64k of flash)
 *(.text .text.* .gnu.linkonce.t.*)
 .text          0x00000028       0x5c c:/program files (x86)/cypress/psoc creator/4.2/psoc creator/import/gnu/arm/5.4.1/bin/../lib/gcc/arm-none-eabi/5.4.1/armv7-m/crtbegin.o
 .text.main     0x00000084       0x20 .\CortexM3\ARM_GCC_541\Debug\main.o
                0x00000084                main
 .text.SelectChipOnOff
                0x000000a4       0x2c .\CortexM3\ARM_GCC_541\Debug\EVE_HAL.o
                0x000000a4                SelectChipOnOff
 .text.SPI_WRITE
                0x000000d0        0xc .\CortexM3\ARM_GCC_541\Debug\EVE_HAL.o
                0x000000d0                SPI_WRITE
 .text.SPI_READ
                0x000000dc       0x10 .\CortexM3\ARM_GCC_541\Debug\EVE_HAL.o
                0x000000dc                SPI_READ
 .text.SPI2TransmitWord
                0x000000ec       0x14 .\CortexM3\ARM_GCC_541\Debug\EVE_HAL.o
                0x000000ec                SPI2TransmitWord
 .text.host_command
                0x00000100       0x24 .\CortexM3\ARM_GCC_541\Debug\EVE_HAL.o
                0x00000100                host_command
 .text.wr8      0x00000124       0x34 .\CortexM3\ARM_GCC_541\Debug\EVE_HAL.o
                0x00000124                wr8
 .text.wr16     0x00000158       0x34 .\CortexM3\ARM_GCC_541\Debug\EVE_HAL.o
                0x00000158                wr16
 .text.wr32     0x0000018c       0x3c .\CortexM3\ARM_GCC_541\Debug\EVE_HAL.o
                0x0000018c                wr32
 .text.rd16     0x000001c8       0x40 .\CortexM3\ARM_GCC_541\Debug\EVE_HAL.o
                0x000001c8                rd16
 .text.init_EVE_IO
                0x00000208        0x4 .\CortexM3\ARM_GCC_541\Debug\EVE_HAL.o
                0x00000208                init_EVE_IO
 .text.EVE_Power
                0x0000020c        0xc .\CortexM3\ARM_GCC_541\Debug\EVE_HAL.o
                0x0000020c                EVE_Power
 .text.EVE_BootUp
                0x00000218       0x44 .\CortexM3\ARM_GCC_541\Debug\EVE.o
                0x00000218                EVE_BootUp
 .text.waitcmdfifo_empty
                0x0000025c       0x2c .\CortexM3\ARM_GCC_541\Debug\EVE.o
                0x0000025c                waitcmdfifo_empty
 .text.play_sound
                0x00000288       0x30 .\CortexM3\ARM_GCC_541\Debug\EVE.o
                0x00000288                play_sound
 .text.TFT_dim  0x000002b8       0x24 .\CortexM3\ARM_GCC_541\Debug\EVE.o
                0x000002b8                TFT_dim
 .text.video_timing
                0x000002dc      0x100 .\CortexM3\ARM_GCC_541\Debug\EVE.o
                0x000002dc                video_timing
 .text.Touch    0x000003dc       0x74 .\CortexM3\ARM_GCC_541\Debug\EVE.o
                0x000003dc                Touch
 .text.SysTickISRCallback
                0x00000450       0x1c .\CortexM3\ARM_GCC_541\Debug\timing.o
                0x00000450                SysTickISRCallback
 .text.init_Delay
                0x0000046c       0x28 .\CortexM3\ARM_GCC_541\Debug\timing.o
                0x0000046c                init_Delay
 .text.delay_ms
                0x00000494       0x10 .\CortexM3\ARM_GCC_541\Debug\timing.o
                0x00000494                delay_ms
 .text.transfer_string
                0x000004a4       0x48 .\CortexM3\ARM_GCC_541\Debug\copro_commands.o
                0x000004a4                transfer_string
 .text.cmd_text
                0x000004ec       0x58 .\CortexM3\ARM_GCC_541\Debug\copro_commands.o
                0x000004ec                cmd_text
 .text.cmd_dlstart
                0x00000544       0x20 .\CortexM3\ARM_GCC_541\Debug\copro_commands.o
                0x00000544                cmd_dlstart
 .text.cmd_swap
                0x00000564       0x20 .\CortexM3\ARM_GCC_541\Debug\copro_commands.o
                0x00000564                cmd_swap
 .text.cmd_calibrate
                0x00000584       0x20 .\CortexM3\ARM_GCC_541\Debug\copro_commands.o
                0x00000584                cmd_calibrate
 .text.cmd      0x000005a4       0x1c .\CortexM3\ARM_GCC_541\Debug\copro_commands.o
                0x000005a4                cmd
 .text.CyClockStartupError
                0x000005c0        0x4 .\CortexM3\ARM_GCC_541\Debug\cyfitter_cfg.o
 .text.cfg_write_bytes32
                0x000005c4       0x34 .\CortexM3\ARM_GCC_541\Debug\cyfitter_cfg.o
 .text.AnalogSetDefault
                0x000005f8       0x28 .\CortexM3\ARM_GCC_541\Debug\cyfitter_cfg.o
 .text.CYMEMZERO
                0x00000620        0xc .\CortexM3\ARM_GCC_541\Debug\cyfitter_cfg.o
 .text.ClockSetup
                0x0000062c       0xb8 .\CortexM3\ARM_GCC_541\Debug\cyfitter_cfg.o
 .text.CYCONFIGCPY
                0x000006e4        0x8 .\CortexM3\ARM_GCC_541\Debug\cyfitter_cfg.o
 .text.cyfitter_cfg
                0x000006ec       0xfc .\CortexM3\ARM_GCC_541\Debug\cyfitter_cfg.o
                0x000006ec                cyfitter_cfg
 .text.IntDefaultHandler
                0x000007e8       0x10 .\CortexM3\ARM_GCC_541\Debug\Cm3Start.o
                0x000007e8                IntDefaultHandler
 .text.Start_c  0x000007f8       0x4c .\CortexM3\ARM_GCC_541\Debug\Cm3Start.o
                0x000007f8                Start_c
 .text.initialize_psoc
                0x00000844       0x68 .\CortexM3\ARM_GCC_541\Debug\Cm3Start.o
                0x00000844                initialize_psoc
 .text.nPD_EVE_Write
                0x000008ac       0x18 .\CortexM3\ARM_GCC_541\Debug\EVE.a(nPD_EVE.o)
                0x000008ac                nPD_EVE_Write
 .text.SS_EVE_Write
                0x000008c4       0x18 .\CortexM3\ARM_GCC_541\Debug\EVE.a(SS_EVE.o)
                0x000008c4                SS_EVE_Write
 .text.CyHalt   0x000008dc        0x4 .\CortexM3\ARM_GCC_541\Debug\EVE.a(CyLib.o)
                0x000008dc                CyHalt
 .text.CyIntSetSysVector
                0x000008e0       0x28 .\CortexM3\ARM_GCC_541\Debug\EVE.a(CyLib.o)
                0x000008e0                CyIntSetSysVector
 .text.CySysTickEnableInterrupt
                0x00000908       0x10 .\CortexM3\ARM_GCC_541\Debug\EVE.a(CyLib.o)
                0x00000908                CySysTickEnableInterrupt
 .text.CySysTickEnable
                0x00000918       0x18 .\CortexM3\ARM_GCC_541\Debug\EVE.a(CyLib.o)
                0x00000918                CySysTickEnable
 .text.CySysTickSetReload
                0x00000930       0x10 .\CortexM3\ARM_GCC_541\Debug\EVE.a(CyLib.o)
                0x00000930                CySysTickSetReload
 .text.CySysTickSetClockSource
                0x00000940       0x20 .\CortexM3\ARM_GCC_541\Debug\EVE.a(CyLib.o)
                0x00000940                CySysTickSetClockSource
 .text.CySysTickGetCountFlag
                0x00000960       0x10 .\CortexM3\ARM_GCC_541\Debug\EVE.a(CyLib.o)
                0x00000960                CySysTickGetCountFlag
 .text.CySysTickServiceCallbacks
                0x00000970       0x28 .\CortexM3\ARM_GCC_541\Debug\EVE.a(CyLib.o)
 .text.CySysTickClear
                0x00000998        0xc .\CortexM3\ARM_GCC_541\Debug\EVE.a(CyLib.o)
                0x00000998                CySysTickClear
 .text.CySysTickInit
                0x000009a4       0x58 .\CortexM3\ARM_GCC_541\Debug\EVE.a(CyLib.o)
                0x000009a4                CySysTickInit
 .text.CySysTickStart
                0x000009fc       0x1c .\CortexM3\ARM_GCC_541\Debug\EVE.a(CyLib.o)
                0x000009fc                CySysTickStart
 .text.CySysTickSetCallback
                0x00000a18       0x10 .\CortexM3\ARM_GCC_541\Debug\EVE.a(CyLib.o)
                0x00000a18                CySysTickSetCallback
 .text.CySysTickGetCallback
                0x00000a28       0x10 .\CortexM3\ARM_GCC_541\Debug\EVE.a(CyLib.o)
                0x00000a28                CySysTickGetCallback
 .text.SPI_EVE_WriteTxData
                0x00000a38       0x18 .\CortexM3\ARM_GCC_541\Debug\EVE.a(SPI_EVE.o)
                0x00000a38                SPI_EVE_WriteTxData
 .text.SPI_EVE_ReadRxData
                0x00000a50        0xc .\CortexM3\ARM_GCC_541\Debug\EVE.a(SPI_EVE.o)
                0x00000a50                SPI_EVE_ReadRxData
 *fill*         0x00000a5c        0x4 
 .text          0x00000a60       0x20 .\CortexM3\ARM_GCC_541\Debug\EVE.a(CyBootAsmGnu.o)
                0x00000a60                CyDelayCycles
                0x00000a70                CyEnterCriticalSection
                0x00000a78                CyExitCriticalSection
 .text.__errno  0x00000a80        0xc c:/program files (x86)/cypress/psoc creator/4.2/psoc creator/import/gnu/arm/5.4.1/bin/../lib/gcc/arm-none-eabi/5.4.1/../../../../arm-none-eabi/lib/armv7-m\libg_nano.a(lib_a-errno.o)
                0x00000a80                __errno
 .text.__libc_init_array
                0x00000a8c       0x4c c:/program files (x86)/cypress/psoc creator/4.2/psoc creator/import/gnu/arm/5.4.1/bin/../lib/gcc/arm-none-eabi/5.4.1/../../../../arm-none-eabi/lib/armv7-m\libg_nano.a(lib_a-init.o)
                0x00000a8c                __libc_init_array
 .text.memcpy   0x00000ad8       0x16 c:/program files (x86)/cypress/psoc creator/4.2/psoc creator/import/gnu/arm/5.4.1/bin/../lib/gcc/arm-none-eabi/5.4.1/../../../../arm-none-eabi/lib/armv7-m\libg_nano.a(lib_a-memcpy-stub.o)
                0x00000ad8                memcpy
 .text.memset   0x00000aee       0x10 c:/program files (x86)/cypress/psoc creator/4.2/psoc creator/import/gnu/arm/5.4.1/bin/../lib/gcc/arm-none-eabi/5.4.1/../../../../arm-none-eabi/lib/armv7-m\libg_nano.a(lib_a-memset.o)
                0x00000aee                memset
 .text          0x00000afe       0x10 c:/program files (x86)/cypress/psoc creator/4.2/psoc creator/import/gnu/arm/5.4.1/bin/../lib/gcc/arm-none-eabi/5.4.1/../../../../arm-none-eabi/lib/armv7-m\libg_nano.a(lib_a-strlen.o)
                0x00000afe                strlen
 *(.plt)
 *(.gnu.warning)
 *(.glue_7t)
 .glue_7t       0x00000b0e        0x0 linker stubs
 *(.glue_7)
 .glue_7        0x00000b0e        0x0 linker stubs
 *(.vfp11_veneer)
 .vfp11_veneer  0x00000b0e        0x0 linker stubs
 *(.bootloader)
 *(.ARM.extab* .gnu.linkonce.armextab.*)
 *(.gcc_except_table)

.v4_bx          0x00000b10        0x0
 .v4_bx         0x00000b10        0x0 linker stubs

.iplt           0x00000b10        0x0
 .iplt          0x00000b10        0x0 c:/program files (x86)/cypress/psoc creator/4.2/psoc creator/import/gnu/arm/5.4.1/bin/../lib/gcc/arm-none-eabi/5.4.1/armv7-m/crtbegin.o

.eh_frame_hdr
 *(.eh_frame_hdr)

.eh_frame       0x00000b10        0x4
 *(.eh_frame)
 .eh_frame      0x00000b10        0x0 c:/program files (x86)/cypress/psoc creator/4.2/psoc creator/import/gnu/arm/5.4.1/bin/../lib/gcc/arm-none-eabi/5.4.1/armv7-m/crtbegin.o
 .eh_frame      0x00000b10        0x4 c:/program files (x86)/cypress/psoc creator/4.2/psoc creator/import/gnu/arm/5.4.1/bin/../lib/gcc/arm-none-eabi/5.4.1/armv7-m/crtend.o
                [!provide]                PROVIDE (__exidx_start, .)

.ARM.exidx
 *(.ARM.exidx* .gnu.linkonce.armexidx.*)
                0x00000b14                __exidx_end = .

.rodata         0x00000b14       0x9c
 *(.rodata .rodata.* .gnu.linkonce.r.*)
 .rodata.str1.4
                0x00000b14       0x18 .\CortexM3\ARM_GCC_541\Debug\EVE.o
                                 0x16 (size before relaxing)
 .rodata        0x00000b2c       0x4e .\CortexM3\ARM_GCC_541\Debug\cyfitter_cfg.o
 .rodata.str1.1
                0x00000b7a        0x2 c:/program files (x86)/cypress/psoc creator/4.2/psoc creator/import/gnu/arm/5.4.1/bin/../lib/gcc/arm-none-eabi/5.4.1/../../../../arm-none-eabi/lib/armv7-m\libg_nano.a(lib_a-impure.o)
                0x00000b7c                . = ALIGN (0x4)
 *(.init)
 .init          0x00000b7c        0x4 c:/program files (x86)/cypress/psoc creator/4.2/psoc creator/import/gnu/arm/5.4.1/bin/../lib/gcc/arm-none-eabi/5.4.1/armv7-m/crti.o
                0x00000b7c                _init
 .init          0x00000b80        0x8 c:/program files (x86)/cypress/psoc creator/4.2/psoc creator/import/gnu/arm/5.4.1/bin/../lib/gcc/arm-none-eabi/5.4.1/armv7-m/crtn.o
                0x00000b88                . = ALIGN (0x4)
                0x00000b88                __preinit_array_start = .
 *(.preinit_array)
                0x00000b88                __preinit_array_end = .
                0x00000b88                . = ALIGN (0x4)
                0x00000b88                __init_array_start = .
 *(SORT(.init_array.*))
 *(.init_array)
 .init_array    0x00000b88        0x4 c:/program files (x86)/cypress/psoc creator/4.2/psoc creator/import/gnu/arm/5.4.1/bin/../lib/gcc/arm-none-eabi/5.4.1/armv7-m/crtbegin.o
 .init_array    0x00000b8c        0x4 .\CortexM3\ARM_GCC_541\Debug\Cm3Start.o
                0x00000b90                __init_array_end = .
                0x00000b90                . = ALIGN (0x4)
 *(.fini)
 .fini          0x00000b90        0x4 c:/program files (x86)/cypress/psoc creator/4.2/psoc creator/import/gnu/arm/5.4.1/bin/../lib/gcc/arm-none-eabi/5.4.1/armv7-m/crti.o
                0x00000b90                _fini
 .fini          0x00000b94        0x8 c:/program files (x86)/cypress/psoc creator/4.2/psoc creator/import/gnu/arm/5.4.1/bin/../lib/gcc/arm-none-eabi/5.4.1/armv7-m/crtn.o
                0x00000b9c                . = ALIGN (0x4)
                0x00000b9c                __fini_array_start = .
 *(.fini_array)
 .fini_array    0x00000b9c        0x4 c:/program files (x86)/cypress/psoc creator/4.2/psoc creator/import/gnu/arm/5.4.1/bin/../lib/gcc/arm-none-eabi/5.4.1/armv7-m/crtbegin.o
 *(SORT(.fini_array.*))
                0x00000ba0                __fini_array_end = .
                0x00000ba0                . = ALIGN (0x4)
 *crtbegin.o(.ctors)
 *(EXCLUDE_FILE(*crtend.o) .ctors)
 *(SORT(.ctors.*))
 *crtend.o(.ctors)
                0x00000ba0                . = ALIGN (0x4)
 *crtbegin.o(.dtors)
 *(EXCLUDE_FILE(*crtend.o) .dtors)
 *(SORT(.dtors.*))
 *crtend.o(.dtors)
                0x00000ba0                . = ALIGN (0x4)
                0x00000ba0                __cy_regions = .
                0x00000ba0        0x4 LONG 0xbb0 __cy_region_init_ram
                0x00000ba4        0x4 LONG 0x1fff80c8 __cy_region_start_data
                0x00000ba8        0x4 LONG 0x80 __cy_region_init_size_ram
                0x00000bac        0x4 LONG 0x58 __cy_region_zero_size_ram
                0x00000bb0                __cy_regions_end = .
                0x00000bb0                . = ALIGN (0x8)
                0x00000bb0                _etext = .

.cy_checksum_exclude
                0x00000bb0        0x0
 *(.cy_checksum_exclude)

.ramvectors     0x1fff8000       0xc0
                0x1fff8000                __cy_region_start_ram = .
 *(.ramvectors)
 .ramvectors    0x1fff8000       0xc0 .\CortexM3\ARM_GCC_541\Debug\Cm3Start.o
                0x1fff8000                CyRamVectors

.noinit         0x1fff80c0        0x1
 *(.noinit)
 .noinit        0x1fff80c0        0x1 .\CortexM3\ARM_GCC_541\Debug\EVE.a(CyLib.o)
                0x1fff80c0                CyResetStatus

.data           0x1fff80c8       0x80 load address 0x00000bb0
                0x1fff80c8                __cy_region_start_data = .
 *(.jcr)
 .jcr           0x1fff80c8        0x0 c:/program files (x86)/cypress/psoc creator/4.2/psoc creator/import/gnu/arm/5.4.1/bin/../lib/gcc/arm-none-eabi/5.4.1/armv7-m/crtbegin.o
 .jcr           0x1fff80c8        0x4 c:/program files (x86)/cypress/psoc creator/4.2/psoc creator/import/gnu/arm/5.4.1/bin/../lib/gcc/arm-none-eabi/5.4.1/armv7-m/crtend.o
 *(.got.plt)
 *(.got)
 *(.shdata)
 *(.data .data.* .gnu.linkonce.d.*)
 .data          0x1fff80cc        0x4 .\CortexM3\ARM_GCC_541\Debug\EVE.o
                0x1fff80cc                lum
 .data          0x1fff80d0       0x10 .\CortexM3\ARM_GCC_541\Debug\EVE.a(CyLib.o)
                0x1fff80d0                cydelay_32k_ms
                0x1fff80d4                cydelay_freq_khz
                0x1fff80d8                cydelay_freq_mhz
                0x1fff80dc                cydelay_freq_hz
 .data.impure_data
                0x1fff80e0       0x60 c:/program files (x86)/cypress/psoc creator/4.2/psoc creator/import/gnu/arm/5.4.1/bin/../lib/gcc/arm-none-eabi/5.4.1/../../../../arm-none-eabi/lib/armv7-m\libg_nano.a(lib_a-impure.o)
 .data._impure_ptr
                0x1fff8140        0x4 c:/program files (x86)/cypress/psoc creator/4.2/psoc creator/import/gnu/arm/5.4.1/bin/../lib/gcc/arm-none-eabi/5.4.1/../../../../arm-none-eabi/lib/armv7-m\libg_nano.a(lib_a-impure.o)
                0x1fff8140                _impure_ptr
                0x1fff8148                . = ALIGN (0x8)
 *fill*         0x1fff8144        0x4 
 *(.ram)
                0x1fff8148                _edata = .

.igot.plt       0x1fff8148        0x0 load address 0x00000c30
 .igot.plt      0x1fff8148        0x0 c:/program files (x86)/cypress/psoc creator/4.2/psoc creator/import/gnu/arm/5.4.1/bin/../lib/gcc/arm-none-eabi/5.4.1/armv7-m/crtbegin.o

.bss            0x1fff8148       0x58 load address 0x00000c30
                0x1fff8148                PROVIDE (__bss_start__, .)
 *(.shbss)
 *(.bss .bss.* .gnu.linkonce.b.*)
 .bss           0x1fff8148       0x1c c:/program files (x86)/cypress/psoc creator/4.2/psoc creator/import/gnu/arm/5.4.1/bin/../lib/gcc/arm-none-eabi/5.4.1/armv7-m/crtbegin.o
 .bss           0x1fff8164        0x4 .\CortexM3\ARM_GCC_541\Debug\EVE.o
                0x1fff8164                __ft_cmd_fifo_wp
 .bss           0x1fff8168       0x1c .\CortexM3\ARM_GCC_541\Debug\EVE.a(CyLib.o)
                0x1fff8180                CySysTickInitVar
 *(COMMON)
 COMMON         0x1fff8184        0x8 .\CortexM3\ARM_GCC_541\Debug\EVE_HAL.o
                0x1fff8184                dli
                0x1fff8188                cli
 COMMON         0x1fff818c       0x10 .\CortexM3\ARM_GCC_541\Debug\timing.o
                0x1fff818c                msCount
                0x1fff8190                minCount
                0x1fff8194                secCount
                0x1fff8198                tickStatus
                0x1fff81a0                . = ALIGN (0x8)
 *fill*         0x1fff819c        0x4 
 *(.ram.b)
                0x1fff81a0                _end = .
                0x1fff81a0                __end = .
                0x1fff81a0                PROVIDE (end, .)
                0x1fff81a0                PROVIDE (__bss_end__, .)
                0x00000bb0                __cy_region_init_ram = LOADADDR (.data)
                0x00000080                __cy_region_init_size_ram = (_edata - ADDR (.data))
                0x00000058                __cy_region_zero_size_ram = (_end - _edata)

.heap           0x1fff81a0       0x80 load address 0x00000c30
                0x1fff81a0                . = _end
                0x1fff8220                . = (. + 0x80)
 *fill*         0x1fff81a0       0x80 
                0x1fff8220                __cy_heap_limit = .

.stack          0x20007800      0x800
                0x20007800                __cy_stack_limit = .
                0x20008000                . = (. + 0x800)
 *fill*         0x20007800      0x800 
                0x00000001                ASSERT ((__cy_stack_limit >= __cy_heap_limit), region RAM overflowed with stack)
                0x00000000                cy_checksum_exclude_size = (CY_APPL_LOADABLE == 0x1)?SIZEOF (.cy_checksum_exclude):0x0
                0x00000001                ASSERT ((cy_checksum_exclude_size <= CY_CHECKSUM_EXCLUDE_SIZE), CY_BOOT: Section .cy_checksum_exclude size exceedes specified limit.)

.cyloadermeta
 *(.cyloadermeta)

.cyloadablemeta
 *(.cyloadablemeta)

.cyconfigecc    0x80000000      0x208
 *(.cyconfigecc)
 .cyconfigecc   0x80000000      0x208 .\CortexM3\ARM_GCC_541\Debug\cymetadata.o
                0x80000000                cy_meta_configecc

.cycustnvl      0x90000000        0x4
 *(.cycustnvl)
 .cycustnvl     0x90000000        0x4 .\CortexM3\ARM_GCC_541\Debug\cymetadata.o
                0x90000000                cy_meta_custnvl

.cywolatch      0x90100000        0x4
 *(.cywolatch)
 .cywolatch     0x90100000        0x4 .\CortexM3\ARM_GCC_541\Debug\cymetadata.o
                0x90100000                cy_meta_wonvl

.cyeeprom       0x90200000        0x0
 *(.cyeeprom)
                0x00000001                ASSERT ((. <= ((0x90200000 + ee_offset) + ee_size)), .cyeeprom data will not fit in EEPROM)

.cyflashprotect
                0x90400000      0x100
 *(.cyflashprotect)
 .cyflashprotect
                0x90400000      0x100 .\CortexM3\ARM_GCC_541\Debug\cymetadata.o
                0x90400000                cy_meta_flashprotect

.cymeta         0x90500000        0xc
 *(.cymeta)
 .cymeta        0x90500000        0xc .\CortexM3\ARM_GCC_541\Debug\cymetadata.o
                0x90500000                cy_metadata

.rel.dyn        0x00000c30        0x0 load address 0x9050000c
 .rel.iplt      0x00000c30        0x0 c:/program files (x86)/cypress/psoc creator/4.2/psoc creator/import/gnu/arm/5.4.1/bin/../lib/gcc/arm-none-eabi/5.4.1/armv7-m/crtbegin.o

.stab
 *(.stab)

.stabstr
 *(.stabstr)

.debug
 *(.debug)

.line
 *(.line)

.debug_srcinfo
 *(.debug_srcinfo)

.debug_sfnames
 *(.debug_sfnames)

.debug_aranges  0x00000000      0x8b8
 *(.debug_aranges)
 .debug_aranges
                0x00000000       0x20 .\CortexM3\ARM_GCC_541\Debug\main.o
 .debug_aranges
                0x00000020       0x98 .\CortexM3\ARM_GCC_541\Debug\EVE_HAL.o
 .debug_aranges
                0x000000b8       0x90 .\CortexM3\ARM_GCC_541\Debug\EVE.o
 .debug_aranges
                0x00000148       0x30 .\CortexM3\ARM_GCC_541\Debug\timing.o
 .debug_aranges
                0x00000178       0xe0 .\CortexM3\ARM_GCC_541\Debug\copro_commands.o
 .debug_aranges
                0x00000258       0x58 .\CortexM3\ARM_GCC_541\Debug\cyfitter_cfg.o
 .debug_aranges
                0x000002b0       0x18 .\CortexM3\ARM_GCC_541\Debug\cymetadata.o
 .debug_aranges
                0x000002c8       0x48 .\CortexM3\ARM_GCC_541\Debug\Cm3Start.o
 .debug_aranges
                0x00000310       0x38 .\CortexM3\ARM_GCC_541\Debug\EVE.a(nPD_EVE.o)
 .debug_aranges
                0x00000348       0x38 .\CortexM3\ARM_GCC_541\Debug\EVE.a(SS_EVE.o)
 .debug_aranges
                0x00000380      0x2a0 .\CortexM3\ARM_GCC_541\Debug\EVE.a(CyLib.o)
 .debug_aranges
                0x00000620       0x98 .\CortexM3\ARM_GCC_541\Debug\EVE.a(cyPm.o)
 .debug_aranges
                0x000006b8       0xd8 .\CortexM3\ARM_GCC_541\Debug\EVE.a(SPI_EVE.o)
 .debug_aranges
                0x00000790       0x20 .\CortexM3\ARM_GCC_541\Debug\EVE.a(CyBootAsmGnu.o)
 .debug_aranges
                0x000007b0       0x88 .\CortexM3\ARM_GCC_541\Debug\EVE.a(CyFlash.o)
 .debug_aranges
                0x00000838       0x80 .\CortexM3\ARM_GCC_541\Debug\EVE.a(CySpc.o)

.debug_pubnames
 *(.debug_pubnames)

.debug_info     0x00000000     0x5e6b
 *(.debug_info .gnu.linkonce.wi.*)
 .debug_info    0x00000000      0x152 .\CortexM3\ARM_GCC_541\Debug\main.o
 .debug_info    0x00000152      0x803 .\CortexM3\ARM_GCC_541\Debug\EVE_HAL.o
 .debug_info    0x00000955      0x949 .\CortexM3\ARM_GCC_541\Debug\EVE.o
 .debug_info    0x0000129e      0x1cf .\CortexM3\ARM_GCC_541\Debug\timing.o
 .debug_info    0x0000146d      0xf02 .\CortexM3\ARM_GCC_541\Debug\copro_commands.o
 .debug_info    0x0000236f      0x570 .\CortexM3\ARM_GCC_541\Debug\cyfitter_cfg.o
 .debug_info    0x000028df      0x135 .\CortexM3\ARM_GCC_541\Debug\cymetadata.o
 .debug_info    0x00002a14      0x3bb .\CortexM3\ARM_GCC_541\Debug\Cm3Start.o
 .debug_info    0x00002dcf      0x11f .\CortexM3\ARM_GCC_541\Debug\EVE.a(nPD_EVE.o)
 .debug_info    0x00002eee      0x11f .\CortexM3\ARM_GCC_541\Debug\EVE.a(SS_EVE.o)
 .debug_info    0x0000300d     0x1374 .\CortexM3\ARM_GCC_541\Debug\EVE.a(CyLib.o)
 .debug_info    0x00004381      0xa2a .\CortexM3\ARM_GCC_541\Debug\EVE.a(cyPm.o)
 .debug_info    0x00004dab      0x493 .\CortexM3\ARM_GCC_541\Debug\EVE.a(SPI_EVE.o)
 .debug_info    0x0000523e       0x90 .\CortexM3\ARM_GCC_541\Debug\EVE.a(CyBootAsmGnu.o)
 .debug_info    0x000052ce      0x64d .\CortexM3\ARM_GCC_541\Debug\EVE.a(CyFlash.o)
 .debug_info    0x0000591b      0x550 .\CortexM3\ARM_GCC_541\Debug\EVE.a(CySpc.o)

.debug_abbrev   0x00000000     0x144f
 *(.debug_abbrev)
 .debug_abbrev  0x00000000       0xa3 .\CortexM3\ARM_GCC_541\Debug\main.o
 .debug_abbrev  0x000000a3      0x1ce .\CortexM3\ARM_GCC_541\Debug\EVE_HAL.o
 .debug_abbrev  0x00000271      0x195 .\CortexM3\ARM_GCC_541\Debug\EVE.o
 .debug_abbrev  0x00000406       0xfd .\CortexM3\ARM_GCC_541\Debug\timing.o
 .debug_abbrev  0x00000503      0x13d .\CortexM3\ARM_GCC_541\Debug\copro_commands.o
 .debug_abbrev  0x00000640      0x20d .\CortexM3\ARM_GCC_541\Debug\cyfitter_cfg.o
 .debug_abbrev  0x0000084d       0x66 .\CortexM3\ARM_GCC_541\Debug\cymetadata.o
 .debug_abbrev  0x000008b3      0x1e8 .\CortexM3\ARM_GCC_541\Debug\Cm3Start.o
 .debug_abbrev  0x00000a9b       0x90 .\CortexM3\ARM_GCC_541\Debug\EVE.a(nPD_EVE.o)
 .debug_abbrev  0x00000b2b       0x90 .\CortexM3\ARM_GCC_541\Debug\EVE.a(SS_EVE.o)
 .debug_abbrev  0x00000bbb      0x254 .\CortexM3\ARM_GCC_541\Debug\EVE.a(CyLib.o)
 .debug_abbrev  0x00000e0f      0x1ab .\CortexM3\ARM_GCC_541\Debug\EVE.a(cyPm.o)
 .debug_abbrev  0x00000fba      0x146 .\CortexM3\ARM_GCC_541\Debug\EVE.a(SPI_EVE.o)
 .debug_abbrev  0x00001100       0x14 .\CortexM3\ARM_GCC_541\Debug\EVE.a(CyBootAsmGnu.o)
 .debug_abbrev  0x00001114      0x1a7 .\CortexM3\ARM_GCC_541\Debug\EVE.a(CyFlash.o)
 .debug_abbrev  0x000012bb      0x194 .\CortexM3\ARM_GCC_541\Debug\EVE.a(CySpc.o)

.debug_line     0x00000000     0x23d8
 *(.debug_line)
 .debug_line    0x00000000      0x173 .\CortexM3\ARM_GCC_541\Debug\main.o
 .debug_line    0x00000173      0x1c0 .\CortexM3\ARM_GCC_541\Debug\EVE_HAL.o
 .debug_line    0x00000333      0x2ef .\CortexM3\ARM_GCC_541\Debug\EVE.o
 .debug_line    0x00000622      0x1ae .\CortexM3\ARM_GCC_541\Debug\timing.o
 .debug_line    0x000007d0      0x2ec .\CortexM3\ARM_GCC_541\Debug\copro_commands.o
 .debug_line    0x00000abc      0x1f2 .\CortexM3\ARM_GCC_541\Debug\cyfitter_cfg.o
 .debug_line    0x00000cae      0x141 .\CortexM3\ARM_GCC_541\Debug\cymetadata.o
 .debug_line    0x00000def      0x234 .\CortexM3\ARM_GCC_541\Debug\Cm3Start.o
 .debug_line    0x00001023       0x94 .\CortexM3\ARM_GCC_541\Debug\EVE.a(nPD_EVE.o)
 .debug_line    0x000010b7       0x93 .\CortexM3\ARM_GCC_541\Debug\EVE.a(SS_EVE.o)
 .debug_line    0x0000114a      0x816 .\CortexM3\ARM_GCC_541\Debug\EVE.a(CyLib.o)
 .debug_line    0x00001960      0x367 .\CortexM3\ARM_GCC_541\Debug\EVE.a(cyPm.o)
 .debug_line    0x00001cc7      0x231 .\CortexM3\ARM_GCC_541\Debug\EVE.a(SPI_EVE.o)
 .debug_line    0x00001ef8       0x66 .\CortexM3\ARM_GCC_541\Debug\EVE.a(CyBootAsmGnu.o)
 .debug_line    0x00001f5e      0x21a .\CortexM3\ARM_GCC_541\Debug\EVE.a(CyFlash.o)
 .debug_line    0x00002178      0x260 .\CortexM3\ARM_GCC_541\Debug\EVE.a(CySpc.o)

.debug_frame    0x00000000     0x18ac
 *(.debug_frame)
 .debug_frame   0x00000000       0x2c .\CortexM3\ARM_GCC_541\Debug\main.o
 .debug_frame   0x0000002c      0x1c4 .\CortexM3\ARM_GCC_541\Debug\EVE_HAL.o
 .debug_frame   0x000001f0      0x1d0 .\CortexM3\ARM_GCC_541\Debug\EVE.o
 .debug_frame   0x000003c0       0x4c .\CortexM3\ARM_GCC_541\Debug\timing.o
 .debug_frame   0x0000040c      0x37c .\CortexM3\ARM_GCC_541\Debug\copro_commands.o
 .debug_frame   0x00000788       0xe4 .\CortexM3\ARM_GCC_541\Debug\cyfitter_cfg.o
 .debug_frame   0x0000086c       0xb8 .\CortexM3\ARM_GCC_541\Debug\Cm3Start.o
 .debug_frame   0x00000924       0x50 .\CortexM3\ARM_GCC_541\Debug\EVE.a(nPD_EVE.o)
 .debug_frame   0x00000974       0x50 .\CortexM3\ARM_GCC_541\Debug\EVE.a(SS_EVE.o)
 .debug_frame   0x000009c4      0x738 .\CortexM3\ARM_GCC_541\Debug\EVE.a(CyLib.o)
 .debug_frame   0x000010fc      0x1f8 .\CortexM3\ARM_GCC_541\Debug\EVE.a(cyPm.o)
 .debug_frame   0x000012f4      0x1e8 .\CortexM3\ARM_GCC_541\Debug\EVE.a(SPI_EVE.o)
 .debug_frame   0x000014dc      0x194 .\CortexM3\ARM_GCC_541\Debug\EVE.a(CyFlash.o)
 .debug_frame   0x00001670      0x180 .\CortexM3\ARM_GCC_541\Debug\EVE.a(CySpc.o)
 .debug_frame   0x000017f0       0x20 c:/program files (x86)/cypress/psoc creator/4.2/psoc creator/import/gnu/arm/5.4.1/bin/../lib/gcc/arm-none-eabi/5.4.1/../../../../arm-none-eabi/lib/armv7-m\libg_nano.a(lib_a-errno.o)
 .debug_frame   0x00001810       0x28 c:/program files (x86)/cypress/psoc creator/4.2/psoc creator/import/gnu/arm/5.4.1/bin/../lib/gcc/arm-none-eabi/5.4.1/../../../../arm-none-eabi/lib/armv7-m\libg_nano.a(lib_a-exit.o)
 .debug_frame   0x00001838       0x2c c:/program files (x86)/cypress/psoc creator/4.2/psoc creator/import/gnu/arm/5.4.1/bin/../lib/gcc/arm-none-eabi/5.4.1/../../../../arm-none-eabi/lib/armv7-m\libg_nano.a(lib_a-init.o)
 .debug_frame   0x00001864       0x28 c:/program files (x86)/cypress/psoc creator/4.2/psoc creator/import/gnu/arm/5.4.1/bin/../lib/gcc/arm-none-eabi/5.4.1/../../../../arm-none-eabi/lib/armv7-m\libg_nano.a(lib_a-memcpy-stub.o)
 .debug_frame   0x0000188c       0x20 c:/program files (x86)/cypress/psoc creator/4.2/psoc creator/import/gnu/arm/5.4.1/bin/../lib/gcc/arm-none-eabi/5.4.1/../../../../arm-none-eabi/lib/armv7-m\libg_nano.a(lib_a-memset.o)

.debug_str      0x00000000     0x19ab
 *(.debug_str)
 .debug_str     0x00000000      0x198 .\CortexM3\ARM_GCC_541\Debug\main.o
                                0x1e0 (size before relaxing)
 .debug_str     0x00000198      0x112 .\CortexM3\ARM_GCC_541\Debug\EVE_HAL.o
                                0x2aa (size before relaxing)
 .debug_str     0x000002aa       0xf4 .\CortexM3\ARM_GCC_541\Debug\EVE.o
                                0x300 (size before relaxing)
 .debug_str     0x0000039e       0x98 .\CortexM3\ARM_GCC_541\Debug\timing.o
                                0x24f (size before relaxing)
 .debug_str     0x00000436      0x132 .\CortexM3\ARM_GCC_541\Debug\copro_commands.o
                                0x2f7 (size before relaxing)
 .debug_str     0x00000568      0x1a7 .\CortexM3\ARM_GCC_541\Debug\cyfitter_cfg.o
                                0x344 (size before relaxing)
 .debug_str     0x0000070f       0x7f .\CortexM3\ARM_GCC_541\Debug\cymetadata.o
                                0x1e4 (size before relaxing)
 .debug_str     0x0000078e      0x13f .\CortexM3\ARM_GCC_541\Debug\Cm3Start.o
                                0x30a (size before relaxing)
 .debug_str     0x000008cd       0x67 .\CortexM3\ARM_GCC_541\Debug\EVE.a(nPD_EVE.o)
                                0x1ec (size before relaxing)
 .debug_str     0x00000934       0x53 .\CortexM3\ARM_GCC_541\Debug\EVE.a(SS_EVE.o)
                                0x1e7 (size before relaxing)
 .debug_str     0x00000987      0x80f .\CortexM3\ARM_GCC_541\Debug\EVE.a(CyLib.o)
                                0xa47 (size before relaxing)
 .debug_str     0x00001196      0x365 .\CortexM3\ARM_GCC_541\Debug\EVE.a(cyPm.o)
                                0x733 (size before relaxing)
 .debug_str     0x000014fb      0x250 .\CortexM3\ARM_GCC_541\Debug\EVE.a(SPI_EVE.o)
                                0x439 (size before relaxing)
 .debug_str     0x0000174b      0x1b4 .\CortexM3\ARM_GCC_541\Debug\EVE.a(CyFlash.o)
                                0x3c0 (size before relaxing)
 .debug_str     0x000018ff       0xac .\CortexM3\ARM_GCC_541\Debug\EVE.a(CySpc.o)
                                0x338 (size before relaxing)

.debug_loc      0x00000000     0x2f33
 *(.debug_loc)
 .debug_loc     0x00000000      0x30b .\CortexM3\ARM_GCC_541\Debug\EVE_HAL.o
 .debug_loc     0x0000030b      0x1ee .\CortexM3\ARM_GCC_541\Debug\EVE.o
 .debug_loc     0x000004f9       0x1f .\CortexM3\ARM_GCC_541\Debug\timing.o
 .debug_loc     0x00000518      0xe4f .\CortexM3\ARM_GCC_541\Debug\copro_commands.o
 .debug_loc     0x00001367      0x25a .\CortexM3\ARM_GCC_541\Debug\cyfitter_cfg.o
 .debug_loc     0x000015c1      0x144 .\CortexM3\ARM_GCC_541\Debug\Cm3Start.o
 .debug_loc     0x00001705       0x42 .\CortexM3\ARM_GCC_541\Debug\EVE.a(nPD_EVE.o)
 .debug_loc     0x00001747       0x42 .\CortexM3\ARM_GCC_541\Debug\EVE.a(SS_EVE.o)
 .debug_loc     0x00001789      0xa11 .\CortexM3\ARM_GCC_541\Debug\EVE.a(CyLib.o)
 .debug_loc     0x0000219a      0x1e4 .\CortexM3\ARM_GCC_541\Debug\EVE.a(cyPm.o)
 .debug_loc     0x0000237e       0xfe .\CortexM3\ARM_GCC_541\Debug\EVE.a(SPI_EVE.o)
 .debug_loc     0x0000247c      0x3b2 .\CortexM3\ARM_GCC_541\Debug\EVE.a(CyFlash.o)
 .debug_loc     0x0000282e      0x705 .\CortexM3\ARM_GCC_541\Debug\EVE.a(CySpc.o)

.debug_macinfo
 *(.debug_macinfo)

.debug_ranges   0x00000000      0x7a0
 *(.debug_ranges)
 .debug_ranges  0x00000000       0x10 .\CortexM3\ARM_GCC_541\Debug\main.o
 .debug_ranges  0x00000010       0x88 .\CortexM3\ARM_GCC_541\Debug\EVE_HAL.o
 .debug_ranges  0x00000098       0x80 .\CortexM3\ARM_GCC_541\Debug\EVE.o
 .debug_ranges  0x00000118       0x20 .\CortexM3\ARM_GCC_541\Debug\timing.o
 .debug_ranges  0x00000138       0xd0 .\CortexM3\ARM_GCC_541\Debug\copro_commands.o
 .debug_ranges  0x00000208       0x48 .\CortexM3\ARM_GCC_541\Debug\cyfitter_cfg.o
 .debug_ranges  0x00000250       0x38 .\CortexM3\ARM_GCC_541\Debug\Cm3Start.o
 .debug_ranges  0x00000288       0x28 .\CortexM3\ARM_GCC_541\Debug\EVE.a(nPD_EVE.o)
 .debug_ranges  0x000002b0       0x28 .\CortexM3\ARM_GCC_541\Debug\EVE.a(SS_EVE.o)
 .debug_ranges  0x000002d8      0x290 .\CortexM3\ARM_GCC_541\Debug\EVE.a(CyLib.o)
 .debug_ranges  0x00000568       0x88 .\CortexM3\ARM_GCC_541\Debug\EVE.a(cyPm.o)
 .debug_ranges  0x000005f0       0xc8 .\CortexM3\ARM_GCC_541\Debug\EVE.a(SPI_EVE.o)
 .debug_ranges  0x000006b8       0x78 .\CortexM3\ARM_GCC_541\Debug\EVE.a(CyFlash.o)
 .debug_ranges  0x00000730       0x70 .\CortexM3\ARM_GCC_541\Debug\EVE.a(CySpc.o)

.comment        0x00000000       0x6e
 .comment       0x00000000       0x6e .\CortexM3\ARM_GCC_541\Debug\main.o
                                 0x6f (size before relaxing)
 .comment       0x0000006e       0x6f .\CortexM3\ARM_GCC_541\Debug\EVE_HAL.o
 .comment       0x0000006e       0x6f .\CortexM3\ARM_GCC_541\Debug\EVE.o
 .comment       0x0000006e       0x6f .\CortexM3\ARM_GCC_541\Debug\timing.o
 .comment       0x0000006e       0x6f .\CortexM3\ARM_GCC_541\Debug\copro_commands.o
 .comment       0x0000006e       0x6f .\CortexM3\ARM_GCC_541\Debug\cyfitter_cfg.o
 .comment       0x0000006e       0x6f .\CortexM3\ARM_GCC_541\Debug\cymetadata.o
 .comment       0x0000006e       0x6f .\CortexM3\ARM_GCC_541\Debug\Cm3Start.o
 .comment       0x0000006e       0x6f .\CortexM3\ARM_GCC_541\Debug\EVE.a(nPD_EVE.o)
 .comment       0x0000006e       0x6f .\CortexM3\ARM_GCC_541\Debug\EVE.a(SS_EVE.o)
 .comment       0x0000006e       0x6f .\CortexM3\ARM_GCC_541\Debug\EVE.a(CyLib.o)
 .comment       0x0000006e       0x6f .\CortexM3\ARM_GCC_541\Debug\EVE.a(cyPm.o)
 .comment       0x0000006e       0x6f .\CortexM3\ARM_GCC_541\Debug\EVE.a(SPI_EVE.o)
 .comment       0x0000006e       0x6f .\CortexM3\ARM_GCC_541\Debug\EVE.a(CyFlash.o)
 .comment       0x0000006e       0x6f .\CortexM3\ARM_GCC_541\Debug\EVE.a(CySpc.o)

.debug_weaknames
 *(.debug_weaknames)

.debug_funcnames
 *(.debug_funcnames)

.debug_typenames
 *(.debug_typenames)

.debug_varnames
 *(.debug_varnames)

.note.gnu.arm.ident
 *(.note.gnu.arm.ident)

.ARM.attributes
                0x00000000       0x29
 *(.ARM.attributes)
 .ARM.attributes
                0x00000000       0x1d c:/program files (x86)/cypress/psoc creator/4.2/psoc creator/import/gnu/arm/5.4.1/bin/../lib/gcc/arm-none-eabi/5.4.1/armv7-m/crti.o
 .ARM.attributes
                0x0000001d       0x2d c:/program files (x86)/cypress/psoc creator/4.2/psoc creator/import/gnu/arm/5.4.1/bin/../lib/gcc/arm-none-eabi/5.4.1/armv7-m/crtbegin.o
 .ARM.attributes
                0x0000004a       0x1b c:/program files (x86)/cypress/psoc creator/4.2/psoc creator/import/gnu/arm/5.4.1/bin/../lib/gcc/arm-none-eabi/5.4.1/../../../../arm-none-eabi/lib/armv7-m/crt0.o
 .ARM.attributes
                0x00000065       0x33 .\CortexM3\ARM_GCC_541\Debug\main.o
 .ARM.attributes
                0x00000098       0x33 .\CortexM3\ARM_GCC_541\Debug\EVE_HAL.o
 .ARM.attributes
                0x000000cb       0x33 .\CortexM3\ARM_GCC_541\Debug\EVE.o
 .ARM.attributes
                0x000000fe       0x33 .\CortexM3\ARM_GCC_541\Debug\timing.o
 .ARM.attributes
                0x00000131       0x33 .\CortexM3\ARM_GCC_541\Debug\copro_commands.o
 .ARM.attributes
                0x00000164       0x33 .\CortexM3\ARM_GCC_541\Debug\cyfitter_cfg.o
 .ARM.attributes
                0x00000197       0x33 .\CortexM3\ARM_GCC_541\Debug\cymetadata.o
 .ARM.attributes
                0x000001ca       0x33 .\CortexM3\ARM_GCC_541\Debug\Cm3Start.o
 .ARM.attributes
                0x000001fd       0x33 .\CortexM3\ARM_GCC_541\Debug\EVE.a(nPD_EVE.o)
 .ARM.attributes
                0x00000230       0x33 .\CortexM3\ARM_GCC_541\Debug\EVE.a(SS_EVE.o)
 .ARM.attributes
                0x00000263       0x33 .\CortexM3\ARM_GCC_541\Debug\EVE.a(CyLib.o)
 .ARM.attributes
                0x00000296       0x33 .\CortexM3\ARM_GCC_541\Debug\EVE.a(cyPm.o)
 .ARM.attributes
                0x000002c9       0x33 .\CortexM3\ARM_GCC_541\Debug\EVE.a(SPI_EVE.o)
 .ARM.attributes
                0x000002fc       0x21 .\CortexM3\ARM_GCC_541\Debug\EVE.a(CyBootAsmGnu.o)
 .ARM.attributes
                0x0000031d       0x33 .\CortexM3\ARM_GCC_541\Debug\EVE.a(CyFlash.o)
 .ARM.attributes
                0x00000350       0x33 .\CortexM3\ARM_GCC_541\Debug\EVE.a(CySpc.o)
 .ARM.attributes
                0x00000383       0x2d c:/program files (x86)/cypress/psoc creator/4.2/psoc creator/import/gnu/arm/5.4.1/bin/../lib/gcc/arm-none-eabi/5.4.1/../../../../arm-none-eabi/lib/armv7-m\libg_nano.a(lib_a-errno.o)
 .ARM.attributes
                0x000003b0       0x2d c:/program files (x86)/cypress/psoc creator/4.2/psoc creator/import/gnu/arm/5.4.1/bin/../lib/gcc/arm-none-eabi/5.4.1/../../../../arm-none-eabi/lib/armv7-m\libg_nano.a(lib_a-exit.o)
 .ARM.attributes
                0x000003dd       0x2d c:/program files (x86)/cypress/psoc creator/4.2/psoc creator/import/gnu/arm/5.4.1/bin/../lib/gcc/arm-none-eabi/5.4.1/../../../../arm-none-eabi/lib/armv7-m\libg_nano.a(lib_a-impure.o)
 .ARM.attributes
                0x0000040a       0x2d c:/program files (x86)/cypress/psoc creator/4.2/psoc creator/import/gnu/arm/5.4.1/bin/../lib/gcc/arm-none-eabi/5.4.1/../../../../arm-none-eabi/lib/armv7-m\libg_nano.a(lib_a-init.o)
 .ARM.attributes
                0x00000437       0x2d c:/program files (x86)/cypress/psoc creator/4.2/psoc creator/import/gnu/arm/5.4.1/bin/../lib/gcc/arm-none-eabi/5.4.1/../../../../arm-none-eabi/lib/armv7-m\libg_nano.a(lib_a-memcpy-stub.o)
 .ARM.attributes
                0x00000464       0x2d c:/program files (x86)/cypress/psoc creator/4.2/psoc creator/import/gnu/arm/5.4.1/bin/../lib/gcc/arm-none-eabi/5.4.1/../../../../arm-none-eabi/lib/armv7-m\libg_nano.a(lib_a-memset.o)
 .ARM.attributes
                0x00000491       0x17 c:/program files (x86)/cypress/psoc creator/4.2/psoc creator/import/gnu/arm/5.4.1/bin/../lib/gcc/arm-none-eabi/5.4.1/../../../../arm-none-eabi/lib/armv7-m\libg_nano.a(lib_a-strlen.o)
 .ARM.attributes
                0x000004a8       0x2d c:/program files (x86)/cypress/psoc creator/4.2/psoc creator/import/gnu/arm/5.4.1/bin/../lib/gcc/arm-none-eabi/5.4.1/armv7-m/crtend.o
 .ARM.attributes
                0x000004d5       0x1d c:/program files (x86)/cypress/psoc creator/4.2/psoc creator/import/gnu/arm/5.4.1/bin/../lib/gcc/arm-none-eabi/5.4.1/armv7-m/crtn.o

/DISCARD/
 *(.note.GNU-stack)
OUTPUT(C:\projekte\repo\HomeServer\Firmware\Cypress\HomeServer\EVE.cydsn\CortexM3\ARM_GCC_541\Debug\EVE.elf elf32-littlearm)
