   1                             		.file	"RX600_EVE_HomeServer.c"
   2                             		.section P,"ax"
   3                             	.Ltext0:
   4                             		.global	_lum
   5                             		.section	.data.lum,"aw",@progbits
   6                             		.balign 4
   9                             	_lum:
  10 0000 64 00 00 00             		.long	0x64
  11                             		.section C,"a",@progbits
  12                             		.p2align 2
  13                             	.LC0:
  14 0000 25 30 32 64 3A 25 30 32 		.string	"%02d:%02d:%02d %02d.%02d.%04d"
  14      64 3A 25 30 32 64 20 25 
  14      30 32 64 2E 25 30 32 64 
  14      2E 25 30 34 64 00 
  15 001e 00 00                   		.section	.text.main,"ax",@progbits
  16                             		.global	_main
  18                             	_main:
  19                             	.LFB0:
  20                             		.file 1 "../src/RX600_EVE_HomeServer.c"
   1:../src/RX600_EVE_HomeServer.c **** /***************************************************************/
   2:../src/RX600_EVE_HomeServer.c **** /*                                                             */
   3:../src/RX600_EVE_HomeServer.c **** /*      PROJECT NAME :  RX600_EVE_HomeServer                   */
   4:../src/RX600_EVE_HomeServer.c **** /*      FILE         :  RX600_EVE_HomeServer.c                 */
   5:../src/RX600_EVE_HomeServer.c **** /*      DESCRIPTION  :  Main Program                           */
   6:../src/RX600_EVE_HomeServer.c **** /*                                                             */
   7:../src/RX600_EVE_HomeServer.c **** /*      This file was generated by e2 studio.                  */
   8:../src/RX600_EVE_HomeServer.c **** /*                                                             */
   9:../src/RX600_EVE_HomeServer.c **** /***************************************************************/
  10:../src/RX600_EVE_HomeServer.c **** 
  11:../src/RX600_EVE_HomeServer.c **** #include <iodefine.h>
  12:../src/RX600_EVE_HomeServer.c **** #include "board.h"
  13:../src/RX600_EVE_HomeServer.c **** #include "stdint.h"
  14:../src/RX600_EVE_HomeServer.c **** #include "Menu.h"
  15:../src/RX600_EVE_HomeServer.c **** 
  16:../src/RX600_EVE_HomeServer.c **** #ifdef CPPAPP
  17:../src/RX600_EVE_HomeServer.c **** //Initialize global constructors
  18:../src/RX600_EVE_HomeServer.c **** extern void __main()
  19:../src/RX600_EVE_HomeServer.c **** {
  20:../src/RX600_EVE_HomeServer.c ****   static int initialized;
  21:../src/RX600_EVE_HomeServer.c ****   if (! initialized)
  22:../src/RX600_EVE_HomeServer.c ****     {
  23:../src/RX600_EVE_HomeServer.c ****       typedef void (*pfunc) ();
  24:../src/RX600_EVE_HomeServer.c ****       extern pfunc __ctors[];
  25:../src/RX600_EVE_HomeServer.c ****       extern pfunc __ctors_end[];
  26:../src/RX600_EVE_HomeServer.c ****       pfunc *p;
  27:../src/RX600_EVE_HomeServer.c **** 
  28:../src/RX600_EVE_HomeServer.c ****       initialized = 1;
  29:../src/RX600_EVE_HomeServer.c ****       for (p = __ctors_end; p > __ctors; )
  30:../src/RX600_EVE_HomeServer.c ****     (*--p) ();
  31:../src/RX600_EVE_HomeServer.c **** 
  32:../src/RX600_EVE_HomeServer.c ****     }
  33:../src/RX600_EVE_HomeServer.c **** }
  34:../src/RX600_EVE_HomeServer.c **** #endif 
  35:../src/RX600_EVE_HomeServer.c **** 
  36:../src/RX600_EVE_HomeServer.c **** unsigned int lum=100;
  37:../src/RX600_EVE_HomeServer.c **** 
  38:../src/RX600_EVE_HomeServer.c **** 
  39:../src/RX600_EVE_HomeServer.c **** int main(void) {
  21                             		.loc 1 39 0
  22 0000 7E A6                   		push.l	r6
  23                             	.LCFI0:
  24 0002 71 06 EC                		add	#-20, r0, r6
  25                             	.LCFI1:
  26 0005 71 60 E4                		add	#-28, r6, r0
  27                             	.LCFI2:
  40:../src/RX600_EVE_HomeServer.c **** 
  41:../src/RX600_EVE_HomeServer.c **** 	char StringForBanner[19];
  42:../src/RX600_EVE_HomeServer.c **** 	uint8_t time,tag;
  43:../src/RX600_EVE_HomeServer.c **** 	init_board();
  28                             		.loc 1 43 0
  29 0008 05 00 00 00             		bsr	_init_board
  44:../src/RX600_EVE_HomeServer.c **** 	EVE_BootUp();
  30                             		.loc 1 44 0
  31 000c 05 00 00 00             		bsr	_EVE_BootUp
  45:../src/RX600_EVE_HomeServer.c **** 	video_timing();
  32                             		.loc 1 45 0
  33 0010 05 00 00 00             		bsr	_video_timing
  46:../src/RX600_EVE_HomeServer.c ****     play_sound(0x56,47,60);
  34                             		.loc 1 46 0
  35 0014 75 41 56                		mov	#0x56, r1
  36 0017 75 42 2F                		mov	#47, r2
  37 001a 75 43 3C                		mov	#60, r3
  38 001d 05 00 00 00             		bsr	_play_sound
  47:../src/RX600_EVE_HomeServer.c **** 	//Touch();
  48:../src/RX600_EVE_HomeServer.c **** 
  49:../src/RX600_EVE_HomeServer.c **** 	LED1_DDR = 1;
  39                             		.loc 1 49 0
  40 0021 FB 5E 0C C0 08          		mov.L	#0x8c00c, r5
  41 0026 CC 54                   		mov.B	[r5], r4
  42 0028 75 34 20                		or	#32, r4
  43 002b C3 54                   		mov.B	r4, [r5]
  50:../src/RX600_EVE_HomeServer.c **** 	LED1_Port = 1;
  44                             		.loc 1 50 0
  45 002d FB 5E 0C C0 08          		mov.L	#0x8c00c, r5
  46 0032 CD 54 20                		mov.B	32[r5], r4
  47 0035 75 34 20                		or	#32, r4
  48 0038 C7 54 20                		mov.B	r4, 32[r5]
  51:../src/RX600_EVE_HomeServer.c **** 	time = sek;
  49                             		.loc 1 51 0
  50 003b FB 52 00 00 00 00       		mov.L	#_sek, r5
  51 0041 EC 55                   		mov.L	[r5], r5
  52 0043 C3 65                   		mov.B	r5, [r6]
  53                             	.L2:
  54                             	.LBB2:
  52:../src/RX600_EVE_HomeServer.c **** 	//Logo();
  53:../src/RX600_EVE_HomeServer.c **** 
  54:../src/RX600_EVE_HomeServer.c ****     while(1) {
  55:../src/RX600_EVE_HomeServer.c **** 
  56:../src/RX600_EVE_HomeServer.c ****     	delay_ms(500);
  55                             		.loc 1 56 0 discriminator 1
  56 0045 FB 1A F4 01             		mov.L	#0x1f4, r1
  57 0049 05 00 00 00             		bsr	_delay_ms
  57:../src/RX600_EVE_HomeServer.c ****     	LED1_Port = 1;
  58                             		.loc 1 57 0 discriminator 1
  59 004d FB 5E 0C C0 08          		mov.L	#0x8c00c, r5
  60 0052 CD 54 20                		mov.B	32[r5], r4
  61 0055 75 34 20                		or	#32, r4
  62 0058 C7 54 20                		mov.B	r4, 32[r5]
  58:../src/RX600_EVE_HomeServer.c ****     	delay_ms(500);
  63                             		.loc 1 58 0 discriminator 1
  64 005b FB 1A F4 01             		mov.L	#0x1f4, r1
  65 005f 05 00 00 00             		bsr	_delay_ms
  59:../src/RX600_EVE_HomeServer.c ****     	LED1_Port = 0;
  66                             		.loc 1 59 0 discriminator 1
  67 0063 FB 5E 0C C0 08          		mov.L	#0x8c00c, r5
  68 0068 CD 54 20                		mov.B	32[r5], r4
  69 006b 75 24 DF                		and	#-33, r4
  70 006e C7 54 20                		mov.B	r4, 32[r5]
  60:../src/RX600_EVE_HomeServer.c **** 
  61:../src/RX600_EVE_HomeServer.c ****     	//Display_test2(hr, min, sek, tag);
  62:../src/RX600_EVE_HomeServer.c ****     	sprintf(StringForBanner,"%02d:%02d:%02d %02d.%02d.%04d",hr, min, sek, 1,11,2018);
  71                             		.loc 1 62 0 discriminator 1
  72 0071 FB 52 00 00 00 00       		mov.L	#_hr, r5
  73 0077 EC 52                   		mov.L	[r5], r2
  74 0079 FB 52 00 00 00 00       		mov.L	#_min, r5
  75 007f EC 53                   		mov.L	[r5], r3
  76 0081 FB 52 00 00 00 00       		mov.L	#_sek, r5
  77 0087 EC 54                   		mov.L	[r5], r4
  78 0089 71 65 01                		add	#1, r6, r5
  79 008c F8 02 00 00 00 00       		mov.L	#.LC0, [r0]
  80 0092 A0 0A                   		mov.L	r2, 4[r0]
  81 0094 A0 83                   		mov.L	r3, 8[r0]
  82 0096 A0 8C                   		mov.L	r4, 12[r0]
  83 0098 3E 04 01                		mov.L	#1, 16[r0]
  84 009b 3E 05 0B                		mov.L	#11, 20[r0]
  85 009e F9 0A 06 E2 07          		mov.L	#0x7e2, 24[r0]
  86 00a3 EF 51                   		mov.L	r5, r1
  87 00a5 05 00 00 00             		bsr	_sprintf
  63:../src/RX600_EVE_HomeServer.c ****     	MainMenu(&StringForBanner);
  88                             		.loc 1 63 0 discriminator 1
  89 00a9 71 65 01                		add	#1, r6, r5
  90 00ac EF 51                   		mov.L	r5, r1
  91 00ae 05 00 00 00             		bsr	_MainMenu
  92                             	.LBE2:
  64:../src/RX600_EVE_HomeServer.c **** 
  65:../src/RX600_EVE_HomeServer.c **** 	// TODO: add application code here
  66:../src/RX600_EVE_HomeServer.c ****     }
  93                             		.loc 1 66 0 discriminator 1
  94 00b2 2E 93                   		bra	.L2
  95                             	.LFE0:
 139                             	.Letext0:
 140                             		.file 2 "C:/projekte/repo/HomeServer/Firmware/Renesas/RX600_EVE_HomeServer/generate/iodefine.h"
 141                             		.file 3 "c:\\program files (x86)\\gcc for renesas rx 4.8.4.201803-gnurx-elf\\rx-elf\\rx-elf\\rx-el
 142                             		.file 4 "c:\\program files (x86)\\gcc for renesas rx 4.8.4.201803-gnurx-elf\\rx-elf\\rx-elf\\rx-el
 143                             		.file 5 "../src/board.h"
 144                             		.file 6 "<built-in>"
